Component: ARM Compiler 6.16 Tool: armlink [5dfeaa00]

==============================================================================

Section Cross References

    startup_stm32f103xb.o(STACK) refers (Special) to heapauxi.o(.text) for __use_two_region_memory
    startup_stm32f103xb.o(HEAP) refers (Special) to heapauxi.o(.text) for __use_two_region_memory
    startup_stm32f103xb.o(RESET) refers (Special) to heapauxi.o(.text) for __use_two_region_memory
    startup_stm32f103xb.o(RESET) refers to startup_stm32f103xb.o(STACK) for __initial_sp
    startup_stm32f103xb.o(RESET) refers to startup_stm32f103xb.o(.text) for Reset_Handler
    startup_stm32f103xb.o(RESET) refers to stm32f1xx_it.o(.text.NMI_Handler) for NMI_Handler
    startup_stm32f103xb.o(RESET) refers to stm32f1xx_it.o(.text.HardFault_Handler) for HardFault_Handler
    startup_stm32f103xb.o(RESET) refers to stm32f1xx_it.o(.text.MemManage_Handler) for MemManage_Handler
    startup_stm32f103xb.o(RESET) refers to stm32f1xx_it.o(.text.BusFault_Handler) for BusFault_Handler
    startup_stm32f103xb.o(RESET) refers to stm32f1xx_it.o(.text.UsageFault_Handler) for UsageFault_Handler
    startup_stm32f103xb.o(RESET) refers to port.o(.text.SVC_Handler) for SVC_Handler
    startup_stm32f103xb.o(RESET) refers to stm32f1xx_it.o(.text.DebugMon_Handler) for DebugMon_Handler
    startup_stm32f103xb.o(RESET) refers to port.o(.text.PendSV_Handler) for PendSV_Handler
    startup_stm32f103xb.o(RESET) refers to port.o(.text.SysTick_Handler) for SysTick_Handler
    startup_stm32f103xb.o(RESET) refers to stm32f1xx_it.o(.text.USB_HP_CAN1_TX_IRQHandler) for USB_HP_CAN1_TX_IRQHandler
    startup_stm32f103xb.o(RESET) refers to stm32f1xx_it.o(.text.USB_LP_CAN1_RX0_IRQHandler) for USB_LP_CAN1_RX0_IRQHandler
    startup_stm32f103xb.o(RESET) refers to stm32f1xx_it.o(.text.TIM1_UP_IRQHandler) for TIM1_UP_IRQHandler
    startup_stm32f103xb.o(RESET) refers to stm32f1xx_it.o(.text.TIM2_IRQHandler) for TIM2_IRQHandler
    startup_stm32f103xb.o(RESET) refers to stm32f1xx_it.o(.text.USART1_IRQHandler) for USART1_IRQHandler
    startup_stm32f103xb.o(.text) refers (Special) to heapauxi.o(.text) for __use_two_region_memory
    startup_stm32f103xb.o(.text) refers to system_stm32f1xx.o(.text.SystemInit) for SystemInit
    startup_stm32f103xb.o(.text) refers to __main.o(!!!main) for __main
    startup_stm32f103xb.o(.text) refers to startup_stm32f103xb.o(HEAP) for Heap_Mem
    startup_stm32f103xb.o(.text) refers to startup_stm32f103xb.o(STACK) for Stack_Mem
    gps.o(.text) refers (Special) to _scanf_int.o(.text) for _scanf_int
    gps.o(.text) refers (Special) to scanf1.o(x$fpl$scanf1) for _scanf_real
    gps.o(.text) refers (Special) to _scanf_str.o(.text) for _scanf_string
    gps.o(.text.GPS_print) refers (Special) to _scanf_int.o(.text) for _scanf_int
    gps.o(.text.GPS_print) refers (Special) to scanf1.o(x$fpl$scanf1) for _scanf_real
    gps.o(.text.GPS_print) refers (Special) to _scanf_str.o(.text) for _scanf_string
    gps.o(.text.GPS_print) refers to main.o(.bss.huart2) for huart2
    gps.o(.text.GPS_print) refers to stm32f1xx_hal_uart.o(.text.HAL_UART_Transmit) for HAL_UART_Transmit
    gps.o(.ARM.exidx.text.GPS_print) refers (Special) to _scanf_int.o(.text) for _scanf_int
    gps.o(.ARM.exidx.text.GPS_print) refers (Special) to scanf1.o(x$fpl$scanf1) for _scanf_real
    gps.o(.ARM.exidx.text.GPS_print) refers (Special) to _scanf_str.o(.text) for _scanf_string
    gps.o(.ARM.exidx.text.GPS_print) refers to gps.o(.text.GPS_print) for [Anonymous Symbol]
    gps.o(.text.GPS_Parse) refers (Special) to _scanf_int.o(.text) for _scanf_int
    gps.o(.text.GPS_Parse) refers (Special) to scanf1.o(x$fpl$scanf1) for _scanf_real
    gps.o(.text.GPS_Parse) refers (Special) to _scanf_str.o(.text) for _scanf_string
    gps.o(.text.GPS_Parse) refers to gps.o(.bss.GPS) for GPS
    gps.o(.text.GPS_Parse) refers to __0sscanf.o(.text) for __0sscanf
    gps.o(.text.GPS_Parse) refers to f2d.o(x$fpl$f2d) for __aeabi_f2d
    gps.o(.text.GPS_Parse) refers to ddiv.o(x$fpl$ddiv) for __aeabi_ddiv
    gps.o(.text.GPS_Parse) refers to d2f.o(x$fpl$d2f) for __aeabi_d2f
    gps.o(.text.GPS_Parse) refers to main.o(.bss.long_send) for long_send
    gps.o(.text.GPS_Parse) refers to main.o(.bss.lat_send) for lat_send
    gps.o(.text.GPS_Parse) refers to main.o(.bss.speed_send) for speed_send
    gps.o(.ARM.exidx.text.GPS_Parse) refers (Special) to _scanf_int.o(.text) for _scanf_int
    gps.o(.ARM.exidx.text.GPS_Parse) refers (Special) to scanf1.o(x$fpl$scanf1) for _scanf_real
    gps.o(.ARM.exidx.text.GPS_Parse) refers (Special) to _scanf_str.o(.text) for _scanf_string
    gps.o(.ARM.exidx.text.GPS_Parse) refers to gps.o(.text.GPS_Parse) for [Anonymous Symbol]
    gps.o(.text.ublox_ReadLength) refers (Special) to _scanf_int.o(.text) for _scanf_int
    gps.o(.text.ublox_ReadLength) refers (Special) to scanf1.o(x$fpl$scanf1) for _scanf_real
[...]
    __rt_lib_init_rand_1                     0x0800016d   Thumb Code     0  libinit2.o(.ARM.Collect$$libinit$$0000000E)
    __rt_lib_init_user_alloc_1               0x0800016d   Thumb Code     0  libinit2.o(.ARM.Collect$$libinit$$0000000C)
    __rt_lib_init_lc_collate_1               0x08000173   Thumb Code     0  libinit2.o(.ARM.Collect$$libinit$$00000011)
    __rt_lib_init_lc_ctype_2                 0x08000173   Thumb Code     0  libinit2.o(.ARM.Collect$$libinit$$00000012)
    __rt_lib_init_lc_ctype_1                 0x0800017f   Thumb Code     0  libinit2.o(.ARM.Collect$$libinit$$00000013)
    __rt_lib_init_lc_monetary_1              0x0800017f   Thumb Code     0  libinit2.o(.ARM.Collect$$libinit$$00000015)
    __rt_lib_init_lc_numeric_2               0x0800017f   Thumb Code     0  libinit2.o(.ARM.Collect$$libinit$$00000016)
    __rt_lib_init_alloca_1                   0x08000189   Thumb Code     0  libinit2.o(.ARM.Collect$$libinit$$0000002E)
    __rt_lib_init_argv_1                     0x08000189   Thumb Code     0  libinit2.o(.ARM.Collect$$libinit$$0000002C)
    __rt_lib_init_atexit_1                   0x08000189   Thumb Code     0  libinit2.o(.ARM.Collect$$libinit$$0000001B)
    __rt_lib_init_clock_1                    0x08000189   Thumb Code     0  libinit2.o(.ARM.Collect$$libinit$$00000021)
    __rt_lib_init_cpp_1                      0x08000189   Thumb Code     0  libinit2.o(.ARM.Collect$$libinit$$00000032)
    __rt_lib_init_exceptions_1               0x08000189   Thumb Code     0  libinit2.o(.ARM.Collect$$libinit$$00000030)
    __rt_lib_init_fp_trap_1                  0x08000189   Thumb Code     0  libinit2.o(.ARM.Collect$$libinit$$0000001F)
    __rt_lib_init_getenv_1                   0x08000189   Thumb Code     0  libinit2.o(.ARM.Collect$$libinit$$00000023)
    __rt_lib_init_lc_numeric_1               0x08000189   Thumb Code     0  libinit2.o(.ARM.Collect$$libinit$$00000017)
    __rt_lib_init_lc_time_1                  0x08000189   Thumb Code     0  libinit2.o(.ARM.Collect$$libinit$$00000019)
    __rt_lib_init_return                     0x08000189   Thumb Code     0  libinit2.o(.ARM.Collect$$libinit$$00000033)
    __rt_lib_init_signal_1                   0x08000189   Thumb Code     0  libinit2.o(.ARM.Collect$$libinit$$0000001D)
    __rt_lib_init_stdio_1                    0x08000189   Thumb Code     0  libinit2.o(.ARM.Collect$$libinit$$00000025)
    __rt_lib_shutdown                        0x0800018b   Thumb Code     0  libshutdown.o(.ARM.Collect$$libshutdown$$00000000)
    __rt_lib_shutdown_cpp_1                  0x0800018d   Thumb Code     0  libshutdown2.o(.ARM.Collect$$libshutdown$$00000002)
    __rt_lib_shutdown_fp_trap_1              0x0800018d   Thumb Code     0  libshutdown2.o(.ARM.Collect$$libshutdown$$00000007)
    __rt_lib_shutdown_heap_1                 0x0800018d   Thumb Code     0  libshutdown2.o(.ARM.Collect$$libshutdown$$0000000F)
    __rt_lib_shutdown_return                 0x0800018d   Thumb Code     0  libshutdown2.o(.ARM.Collect$$libshutdown$$00000010)
    __rt_lib_shutdown_signal_1               0x0800018d   Thumb Code     0  libshutdown2.o(.ARM.Collect$$libshutdown$$0000000A)
    __rt_lib_shutdown_stdio_1                0x0800018d   Thumb Code     0  libshutdown2.o(.ARM.Collect$$libshutdown$$00000004)
    __rt_lib_shutdown_user_alloc_1           0x0800018d   Thumb Code     0  libshutdown2.o(.ARM.Collect$$libshutdown$$0000000C)
    __rt_entry                               0x0800018f   Thumb Code     0  __rtentry.o(.ARM.Collect$$rtentry$$00000000)
    __rt_entry_presh_1                       0x0800018f   Thumb Code     0  __rtentry2.o(.ARM.Collect$$rtentry$$00000002)
    __rt_entry_sh                            0x0800018f   Thumb Code     0  __rtentry4.o(.ARM.Collect$$rtentry$$00000004)
    __rt_entry_li                            0x08000195   Thumb Code     0  __rtentry2.o(.ARM.Collect$$rtentry$$0000000A)
    __rt_entry_postsh_1                      0x08000195   Thumb Code     0  __rtentry2.o(.ARM.Collect$$rtentry$$00000009)
    __rt_entry_main                          0x08000199   Thumb Code     0  __rtentry2.o(.ARM.Collect$$rtentry$$0000000D)
    __rt_entry_postli_1                      0x08000199   Thumb Code     0  __rtentry2.o(.ARM.Collect$$rtentry$$0000000C)
    __rt_exit                                0x080001a1   Thumb Code     0  rtexit.o(.ARM.Collect$$rtexit$$00000000)
    __rt_exit_ls                             0x080001a3   Thumb Code     0  rtexit2.o(.ARM.Collect$$rtexit$$00000003)
    __rt_exit_prels_1                        0x080001a3   Thumb Code     0  rtexit2.o(.ARM.Collect$$rtexit$$00000002)
    __rt_exit_exit                           0x080001a7   Thumb Code     0  rtexit2.o(.ARM.Collect$$rtexit$$00000004)
    Reset_Handler                            0x080001ad   Thumb Code     8  startup_stm32f103xb.o(.text)
    ADC1_2_IRQHandler                        0x080001c7   Thumb Code     0  startup_stm32f103xb.o(.text)
    CAN1_RX1_IRQHandler                      0x080001c7   Thumb Code     0  startup_stm32f103xb.o(.text)
    CAN1_SCE_IRQHandler                      0x080001c7   Thumb Code     0  startup_stm32f103xb.o(.text)
    DMA1_Channel1_IRQHandler                 0x080001c7   Thumb Code     0  startup_stm32f103xb.o(.text)
    DMA1_Channel2_IRQHandler                 0x080001c7   Thumb Code     0  startup_stm32f103xb.o(.text)
    DMA1_Channel3_IRQHandler                 0x080001c7   Thumb Code     0  startup_stm32f103xb.o(.text)
    DMA1_Channel4_IRQHandler                 0x080001c7   Thumb Code     0  startup_stm32f103xb.o(.text)
    DMA1_Channel5_IRQHandler                 0x080001c7   Thumb Code     0  startup_stm32f103xb.o(.text)
    DMA1_Channel6_IRQHandler                 0x080001c7   Thumb Code     0  startup_stm32f103xb.o(.text)
    DMA1_Channel7_IRQHandler                 0x080001c7   Thumb Code     0  startup_stm32f103xb.o(.text)
    EXTI0_IRQHandler                         0x080001c7   Thumb Code     0  startup_stm32f103xb.o(.text)
    EXTI15_10_IRQHandler                     0x080001c7   Thumb Code     0  startup_stm32f103xb.o(.text)
    EXTI1_IRQHandler                         0x080001c7   Thumb Code     0  startup_stm32f103xb.o(.text)
    EXTI2_IRQHandler                         0x080001c7   Thumb Code     0  startup_stm32f103xb.o(.text)
    EXTI3_IRQHandler                         0x080001c7   Thumb Code     0  startup_stm32f103xb.o(.text)
    EXTI4_IRQHandler                         0x080001c7   Thumb Code     0  startup_stm32f103xb.o(.text)
    EXTI9_5_IRQHandler                       0x080001c7   Thumb Code     0  startup_stm32f103xb.o(.text)
    FLASH_IRQHandler                         0x080001c7   Thumb Code     0  startup_stm32f103xb.o(.text)
    I2C1_ER_IRQHandler                       0x080001c7   Thumb Code     0  startup_stm32f103xb.o(.text)
    I2C1_EV_IRQHandler                       0x080001c7   Thumb Code     0  startup_stm32f103xb.o(.text)
    I2C2_ER_IRQHandler                       0x080001c7   Thumb Code     0  startup_stm32f103xb.o(.text)
    I2C2_EV_IRQHandler                       0x080001c7   Thumb Code     0  startup_stm32f103xb.o(.text)
    PVD_IRQHandler                           0x080001c7   Thumb Code     0  startup_stm32f103xb.o(.text)
    RCC_IRQHandler                           0x080001c7   Thumb Code     0  startup_stm32f103xb.o(.text)
    RTC_Alarm_IRQHandler                     0x080001c7   Thumb Code     0  startup_stm32f103xb.o(.text)
    RTC_IRQHandler                           0x080001c7   Thumb Code     0  startup_stm32f103xb.o(.text)
    SPI1_IRQHandler                          0x080001c7   Thumb Code     0  startup_stm32f103xb.o(.text)
    SPI2_IRQHandler                          0x080001c7   Thumb Code     0  startup_stm32f103xb.o(.text)
    TAMPER_IRQHandler                        0x080001c7   Thumb Code     0  startup_stm32f103xb.o(.text)
    TIM1_BRK_IRQHandler                      0x080001c7   Thumb Code     0  startup_stm32f103xb.o(.text)
    TIM1_CC_IRQHandler                       0x080001c7   Thumb Code     0  startup_stm32f103xb.o(.text)
    TIM1_TRG_COM_IRQHandler                  0x080001c7   Thumb Code     0  startup_stm32f103xb.o(.text)
    TIM3_IRQHandler                          0x080001c7   Thumb Code     0  startup_stm32f103xb.o(.text)
    TIM4_IRQHandler                          0x080001c7   Thumb Code     0  startup_stm32f103xb.o(.text)
    USART2_IRQHandler                        0x080001c7   Thumb Code     0  startup_stm32f103xb.o(.text)
    USART3_IRQHandler                        0x080001c7   Thumb Code     0  startup_stm32f103xb.o(.text)
    USBWakeUp_IRQHandler                     0x080001c7   Thumb Code     0  startup_stm32f103xb.o(.text)
    WWDG_IRQHandler                          0x080001c7   Thumb Code     0  startup_stm32f103xb.o(.text)
    __user_initial_stackheap                 0x080001c9   Thumb Code     0  startup_stm32f103xb.o(.text)
    __2sprintf                               0x080001ed   Thumb Code    38  __2sprintf.o(.text)
    __printf                                 0x08000219   Thumb Code   104  __printf.o(.text)
    _printf_int_dec                          0x08000281   Thumb Code   104  _printf_dec.o(.text)
    __0sscanf                                0x080002f9   Thumb Code    52  __0sscanf.o(.text)
    _scanf_int                               0x08000335   Thumb Code   332  _scanf_int.o(.text)
    _scanf_string                            0x08000481   Thumb Code   224  _scanf_str.o(.text)
    __aeabi_memcpy                           0x08000561   Thumb Code     0  rt_memcpy_v6.o(.text)
    __rt_memcpy                              0x08000561   Thumb Code   138  rt_memcpy_v6.o(.text)
    _memcpy_lastbytes                        0x080005c7   Thumb Code     0  rt_memcpy_v6.o(.text)
    __aeabi_memset4                          0x080005eb   Thumb Code    16  aeabi_memset4.o(.text)
    __aeabi_memset8                          0x080005eb   Thumb Code     0  aeabi_memset4.o(.text)
    __aeabi_memclr4                          0x080005fb   Thumb Code     0  rt_memclr_w.o(.text)
    __aeabi_memclr8                          0x080005fb   Thumb Code     0  rt_memclr_w.o(.text)
    __rt_memclr_w                            0x080005fb   Thumb Code     0  rt_memclr_w.o(.text)
    _memset_w                                0x080005ff   Thumb Code    74  rt_memclr_w.o(.text)
    __use_two_region_memory                  0x08000649   Thumb Code     2  heapauxi.o(.text)
    __rt_heap_escrow$2region                 0x0800064b   Thumb Code     2  heapauxi.o(.text)
    __rt_heap_expand$2region                 0x0800064d   Thumb Code     2  heapauxi.o(.text)
    __read_errno                             0x0800064f   Thumb Code    10  _rserrno.o(.text)
    __set_errno                              0x08000659   Thumb Code    12  _rserrno.o(.text)
    _printf_int_common                       0x08000665   Thumb Code   178  _printf_intcommon.o(.text)
    _printf_char_common                      0x08000723   Thumb Code    32  _printf_char_common.o(.text)
    _sputc                                   0x08000749   Thumb Code    10  _sputc.o(.text)
    _chval                                   0x08000753   Thumb Code    28  _chval.o(.text)
    _scanf_really_real                       0x080009bd   Thumb Code   684  scanf_fp.o(.text)
    __vfscanf_char                           0x08000c75   Thumb Code    24  scanf_char.o(.text)
    _sgetc                                   0x08000c95   Thumb Code    30  _sgetc.o(.text)
    _sbackspace                              0x08000cb3   Thumb Code    34  _sgetc.o(.text)
    __aeabi_memcpy4                          0x08000cd5   Thumb Code     0  rt_memcpy_w.o(.text)
    __aeabi_memcpy8                          0x08000cd5   Thumb Code     0  rt_memcpy_w.o(.text)
    __rt_memcpy_w                            0x08000cd5   Thumb Code   100  rt_memcpy_w.o(.text)
    _memcpy_lastbytes_aligned                0x08000d1d   Thumb Code     0  rt_memcpy_w.o(.text)
    __rt_locale                              0x08000d39   Thumb Code     8  rt_locale_intlibspace.o(.text)
    __aeabi_errno_addr                       0x08000d41   Thumb Code     8  rt_errno_addr_intlibspace.o(.text)
    __errno$intlibspace                      0x08000d41   Thumb Code     0  rt_errno_addr_intlibspace.o(.text)
    __rt_errno_addr$intlibspace              0x08000d41   Thumb Code     0  rt_errno_addr_intlibspace.o(.text)
    __aeabi_llsl                             0x08000d49   Thumb Code     0  llshl.o(.text)
    _ll_shift_l                              0x08000d49   Thumb Code    38  llshl.o(.text)
    isspace                                  0x08000d6f   Thumb Code    18  isspace.o(.text)
    __vfscanf                                0x08000d81   Thumb Code   878  _scanf.o(.text)
    _btod_etento                             0x080010f5   Thumb Code   224  bigflt0.o(.text)
    __user_libspace                          0x080011d9   Thumb Code     8  libspace.o(.text)
    __user_perproc_libspace                  0x080011d9   Thumb Code     0  libspace.o(.text)
    __user_perthread_libspace                0x080011d9   Thumb Code     0  libspace.o(.text)
    __user_setup_stackheap                   0x080011e1   Thumb Code    74  sys_stackheap_outer.o(.text)
    __rt_ctype_table                         0x0800122d   Thumb Code    16  rt_ctype_table.o(.text)
    _scanf_really_hex_real                   0x0800123d   Thumb Code   786  scanf_hexfp.o(.text)
    _scanf_really_infnan                     0x0800155d   Thumb Code   292  scanf_infnan.o(.text)
    exit                                     0x08001691   Thumb Code    18  exit.o(.text)
    strcmp                                   0x080016a5   Thumb Code   128  strcmpv7m.o(.text)
    _sys_exit                                0x08001725   Thumb Code     8  sys_exit.o(.text)
    __I$use$semihosting                      0x08001731   Thumb Code     0  use_no_semi.o(.text)
    __use_no_semihosting_swi                 0x08001731   Thumb Code     2  use_no_semi.o(.text)
    __semihosting_library_function           0x08001733   Thumb Code     0  indicate_semi.o(.text)
    BusFault_Handler                         0x08001735   Thumb Code     2  stm32f1xx_it.o(.text.BusFault_Handler)
    CAN_Task                                 0x08001739   Thumb Code   174  main.o(.text.CAN_Task)
    DebugMon_Handler                         0x080017e9   Thumb Code     2  stm32f1xx_it.o(.text.DebugMon_Handler)
    Error_Handler                            0x080017ed   Thumb Code    10  main.o(.text.Error_Handler)
    GPS_I2C_receive                          0x080017f9   Thumb Code    82  gps.o(.text.GPS_I2C_receive)
    GPS_Parse                                0x0800184d   Thumb Code   180  gps.o(.text.GPS_Parse)
    GPS_Task                                 0x08001929   Thumb Code   166  main.o(.text.GPS_Task)
    HAL_CAN_ActivateNotification             0x080019d1   Thumb Code    38  stm32f1xx_hal_can.o(.text.HAL_CAN_ActivateNotification)
    HAL_CAN_AddTxMessage                     0x080019f9   Thumb Code   164  stm32f1xx_hal_can.o(.text.HAL_CAN_AddTxMessage)
    HAL_CAN_ErrorCallback                    0x08001a9d   Thumb Code     2  stm32f1xx_hal_can.o(.text.HAL_CAN_ErrorCallback)
    HAL_CAN_IRQHandler                       0x08001aa1   Thumb Code   570  stm32f1xx_hal_can.o(.text.HAL_CAN_IRQHandler)
    HAL_CAN_Init                             0x08001cdd   Thumb Code   244  stm32f1xx_hal_can.o(.text.HAL_CAN_Init)
    HAL_CAN_MspInit                          0x08001dd1   Thumb Code   158  stm32f1xx_hal_msp.o(.text.HAL_CAN_MspInit)
    HAL_CAN_RxFifo0FullCallback              0x08001e71   Thumb Code     2  stm32f1xx_hal_can.o(.text.HAL_CAN_RxFifo0FullCallback)
    HAL_CAN_RxFifo0MsgPendingCallback        0x08001e75   Thumb Code     2  stm32f1xx_hal_can.o(.text.HAL_CAN_RxFifo0MsgPendingCallback)
    HAL_CAN_RxFifo1FullCallback              0x08001e79   Thumb Code     2  stm32f1xx_hal_can.o(.text.HAL_CAN_RxFifo1FullCallback)
    HAL_CAN_RxFifo1MsgPendingCallback        0x08001e7d   Thumb Code     2  stm32f1xx_hal_can.o(.text.HAL_CAN_RxFifo1MsgPendingCallback)
    HAL_CAN_SleepCallback                    0x08001e81   Thumb Code     2  stm32f1xx_hal_can.o(.text.HAL_CAN_SleepCallback)
    HAL_CAN_Start                            0x08001e85   Thumb Code    90  stm32f1xx_hal_can.o(.text.HAL_CAN_Start)
    HAL_CAN_TxMailbox0AbortCallback          0x08001ee1   Thumb Code     2  stm32f1xx_hal_can.o(.text.HAL_CAN_TxMailbox0AbortCallback)
    HAL_CAN_TxMailbox0CompleteCallback       0x08001ee5   Thumb Code    86  main.o(.text.HAL_CAN_TxMailbox0CompleteCallback)
    HAL_CAN_TxMailbox1AbortCallback          0x08001f3d   Thumb Code     2  stm32f1xx_hal_can.o(.text.HAL_CAN_TxMailbox1AbortCallback)
    HAL_CAN_TxMailbox1CompleteCallback       0x08001f41   Thumb Code    86  main.o(.text.HAL_CAN_TxMailbox1CompleteCallback)
    HAL_CAN_TxMailbox2AbortCallback          0x08001f99   Thumb Code     2  stm32f1xx_hal_can.o(.text.HAL_CAN_TxMailbox2AbortCallback)
    HAL_CAN_TxMailbox2CompleteCallback       0x08001f9d   Thumb Code    86  main.o(.text.HAL_CAN_TxMailbox2CompleteCallback)
    HAL_CAN_WakeUpFromRxMsgCallback          0x08001ff5   Thumb Code     2  stm32f1xx_hal_can.o(.text.HAL_CAN_WakeUpFromRxMsgCallback)
    HAL_DMA_Abort                            0x08001ff9   Thumb Code    64  stm32f1xx_hal_dma.o(.text.HAL_DMA_Abort)
    HAL_DMA_Abort_IT                         0x08002039   Thumb Code   164  stm32f1xx_hal_dma.o(.text.HAL_DMA_Abort_IT)
    HAL_GPIO_Init                            0x080020dd   Thumb Code   506  stm32f1xx_hal_gpio.o(.text.HAL_GPIO_Init)
    HAL_GPIO_TogglePin                       0x080022d9   Thumb Code    16  stm32f1xx_hal_gpio.o(.text.HAL_GPIO_TogglePin)
    HAL_GPIO_WritePin                        0x080022e9   Thumb Code    10  stm32f1xx_hal_gpio.o(.text.HAL_GPIO_WritePin)
    HAL_GetTick                              0x080022f5   Thumb Code    12  stm32f1xx_hal.o(.text.HAL_GetTick)
    HAL_I2C_Init                             0x08002301   Thumb Code   408  stm32f1xx_hal_i2c.o(.text.HAL_I2C_Init)
    HAL_I2C_Mem_Read                         0x08002499   Thumb Code   724  stm32f1xx_hal_i2c.o(.text.HAL_I2C_Mem_Read)
    HAL_I2C_MspInit                          0x0800276d   Thumb Code   104  stm32f1xx_hal_msp.o(.text.HAL_I2C_MspInit)
    HAL_IncTick                              0x080027d5   Thumb Code    26  stm32f1xx_hal.o(.text.HAL_IncTick)
    HAL_Init                                 0x080027f1   Thumb Code    38  stm32f1xx_hal.o(.text.HAL_Init)
    HAL_InitTick                             0x08002819   Thumb Code   138  stm32f1xx_hal_timebase_tim.o(.text.HAL_InitTick)
    HAL_MspInit                              0x080028a5   Thumb Code    66  stm32f1xx_hal_msp.o(.text.HAL_MspInit)
    HAL_NVIC_EnableIRQ                       0x080028e9   Thumb Code     8  stm32f1xx_hal_cortex.o(.text.HAL_NVIC_EnableIRQ)
    HAL_NVIC_SetPriority                     0x080028f1   Thumb Code    30  stm32f1xx_hal_cortex.o(.text.HAL_NVIC_SetPriority)
    HAL_NVIC_SetPriorityGrouping             0x08002911   Thumb Code     8  stm32f1xx_hal_cortex.o(.text.HAL_NVIC_SetPriorityGrouping)
    HAL_RCC_ClockConfig                      0x08002919   Thumb Code   372  stm32f1xx_hal_rcc.o(.text.HAL_RCC_ClockConfig)
    HAL_RCC_GetClockConfig                   0x08002a8d   Thumb Code    66  stm32f1xx_hal_rcc.o(.text.HAL_RCC_GetClockConfig)
    HAL_RCC_GetHCLKFreq                      0x08002ad1   Thumb Code    12  stm32f1xx_hal_rcc.o(.text.HAL_RCC_GetHCLKFreq)
    HAL_RCC_GetPCLK1Freq                     0x08002add   Thumb Code    34  stm32f1xx_hal_rcc.o(.text.HAL_RCC_GetPCLK1Freq)
    HAL_RCC_GetPCLK2Freq                     0x08002b01   Thumb Code    34  stm32f1xx_hal_rcc.o(.text.HAL_RCC_GetPCLK2Freq)
    HAL_RCC_GetSysClockFreq                  0x08002b25   Thumb Code    76  stm32f1xx_hal_rcc.o(.text.HAL_RCC_GetSysClockFreq)
    HAL_RCC_OscConfig                        0x08002b85   Thumb Code   780  stm32f1xx_hal_rcc.o(.text.HAL_RCC_OscConfig)
    HAL_TIMEx_BreakCallback                  0x08002e91   Thumb Code     2  stm32f1xx_hal_tim_ex.o(.text.HAL_TIMEx_BreakCallback)
    HAL_TIMEx_CommutCallback                 0x08002e95   Thumb Code     2  stm32f1xx_hal_tim_ex.o(.text.HAL_TIMEx_CommutCallback)
    HAL_TIMEx_MasterConfigSynchronization    0x08002e99   Thumb Code   118  stm32f1xx_hal_tim_ex.o(.text.HAL_TIMEx_MasterConfigSynchronization)
    HAL_TIM_Base_Init                        0x08002f11   Thumb Code    90  stm32f1xx_hal_tim.o(.text.HAL_TIM_Base_Init)
    HAL_TIM_Base_MspInit                     0x08002f6d   Thumb Code    62  stm32f1xx_hal_msp.o(.text.HAL_TIM_Base_MspInit)
    HAL_TIM_Base_Start_IT                    0x08002fad   Thumb Code   102  stm32f1xx_hal_tim.o(.text.HAL_TIM_Base_Start_IT)
    HAL_TIM_Base_Stop_IT                     0x08003015   Thumb Code    50  stm32f1xx_hal_tim.o(.text.HAL_TIM_Base_Stop_IT)
    HAL_TIM_ConfigClockSource                0x08003049   Thumb Code   208  stm32f1xx_hal_tim.o(.text.HAL_TIM_ConfigClockSource)
    HAL_TIM_IC_CaptureCallback               0x08003119   Thumb Code     2  stm32f1xx_hal_tim.o(.text.HAL_TIM_IC_CaptureCallback)
    HAL_TIM_IRQHandler                       0x0800311d   Thumb Code   362  stm32f1xx_hal_tim.o(.text.HAL_TIM_IRQHandler)
    HAL_TIM_OC_DelayElapsedCallback          0x08003289   Thumb Code     2  stm32f1xx_hal_tim.o(.text.HAL_TIM_OC_DelayElapsedCallback)
    HAL_TIM_PWM_PulseFinishedCallback        0x0800328d   Thumb Code     2  stm32f1xx_hal_tim.o(.text.HAL_TIM_PWM_PulseFinishedCallback)
    HAL_TIM_PeriodElapsedCallback            0x08003291   Thumb Code    22  main.o(.text.HAL_TIM_PeriodElapsedCallback)
    HAL_TIM_TriggerCallback                  0x080032a9   Thumb Code     2  stm32f1xx_hal_tim.o(.text.HAL_TIM_TriggerCallback)
    HAL_UARTEx_RxEventCallback               0x080032ad   Thumb Code     2  stm32f1xx_hal_uart.o(.text.HAL_UARTEx_RxEventCallback)
    HAL_UART_ErrorCallback                   0x080032b1   Thumb Code     2  stm32f1xx_hal_uart.o(.text.HAL_UART_ErrorCallback)
    HAL_UART_IRQHandler                      0x080032b5   Thumb Code   464  stm32f1xx_hal_uart.o(.text.HAL_UART_IRQHandler)
    HAL_UART_Init                            0x08003485   Thumb Code    94  stm32f1xx_hal_uart.o(.text.HAL_UART_Init)
    HAL_UART_MspInit                         0x080034e5   Thumb Code   250  stm32f1xx_hal_msp.o(.text.HAL_UART_MspInit)
    HAL_UART_RxCpltCallback                  0x080035e1   Thumb Code     2  stm32f1xx_hal_uart.o(.text.HAL_UART_RxCpltCallback)
    HAL_UART_Transmit                        0x080035e5   Thumb Code   204  stm32f1xx_hal_uart.o(.text.HAL_UART_Transmit)
    HAL_UART_TxCpltCallback                  0x080036b1   Thumb Code     2  stm32f1xx_hal_uart.o(.text.HAL_UART_TxCpltCallback)
    HardFault_Handler                        0x080036b5   Thumb Code     2  stm32f1xx_it.o(.text.HardFault_Handler)
    Lattitude_Tx                             0x080039b5   Thumb Code    58  main.o(.text.Lattitude_Tx)
    Longitude_Tx                             0x080039f1   Thumb Code    58  main.o(.text.Longitude_Tx)
    MemManage_Handler                        0x08003c19   Thumb Code     2  stm32f1xx_it.o(.text.MemManage_Handler)
    NMI_Handler                              0x08003c1d   Thumb Code     2  stm32f1xx_it.o(.text.NMI_Handler)
    PendSV_Handler                           0x08003c51   Thumb Code    68  port.o(.text.PendSV_Handler)
    SVC_Handler                              0x08003cc1   Thumb Code    36  port.o(.text.SVC_Handler)
    Speed_Tx                                 0x08003ce5   Thumb Code    58  main.o(.text.Speed_Tx)
    SysTick_Handler                          0x08003d21   Thumb Code    46  port.o(.text.SysTick_Handler)
    SystemClock_Config                       0x08003d51   Thumb Code    96  main.o(.text.SystemClock_Config)
    SystemInit                               0x08003db1   Thumb Code     2  system_stm32f1xx.o(.text.SystemInit)
    TIM1_UP_IRQHandler                       0x08003db5   Thumb Code    16  stm32f1xx_it.o(.text.TIM1_UP_IRQHandler)
    TIM2_IRQHandler                          0x08003dc5   Thumb Code    16  stm32f1xx_it.o(.text.TIM2_IRQHandler)
    TIM_Base_SetConfig                       0x08003dd5   Thumb Code   138  stm32f1xx_hal_tim.o(.text.TIM_Base_SetConfig)
    TIM_ETR_SetConfig                        0x08003e61   Thumb Code    22  stm32f1xx_hal_tim.o(.text.TIM_ETR_SetConfig)
    USART1_IRQHandler                        0x08004121   Thumb Code    16  stm32f1xx_it.o(.text.USART1_IRQHandler)
    USB_HP_CAN1_TX_IRQHandler                0x08004131   Thumb Code    16  stm32f1xx_it.o(.text.USB_HP_CAN1_TX_IRQHandler)
    USB_LP_CAN1_RX0_IRQHandler               0x08004141   Thumb Code    16  stm32f1xx_it.o(.text.USB_LP_CAN1_RX0_IRQHandler)
    UsageFault_Handler                       0x08004151   Thumb Code     2  stm32f1xx_it.o(.text.UsageFault_Handler)
    main                                     0x080041c9   Thumb Code   120  main.o(.text.main)
    pvPortMalloc                             0x080049b9   Thumb Code   106  heap_1.o(.text.pvPortMalloc)
    pxPortInitialiseStack                    0x08004a25   Thumb Code    32  port.o(.text.pxPortInitialiseStack)
    ublox_ReadLength                         0x08004a45   Thumb Code    62  gps.o(.text.ublox_ReadLength)
    uxListRemove                             0x08004a85   Thumb Code    36  list.o(.text.uxListRemove)
    vListInitialise                          0x08004aa9   Thumb Code    22  list.o(.text.vListInitialise)
    vListInitialiseItem                      0x08004ac1   Thumb Code     6  list.o(.text.vListInitialiseItem)
    vListInsert                              0x08004ac9   Thumb Code    58  list.o(.text.vListInsert)
    vPortEnterCritical                       0x08004b05   Thumb Code    32  port.o(.text.vPortEnterCritical)
    vPortExitCritical                        0x08004b25   Thumb Code    26  port.o(.text.vPortExitCritical)
    vPortFree                                0x08004b41   Thumb Code     2  heap_1.o(.text.vPortFree)
    vPortSetupTimerInterrupt                 0x08004b45   Thumb Code    30  port.o(.text.vPortSetupTimerInterrupt)
    vQueueWaitForMessageRestricted           0x08004b65   Thumb Code    68  queue.o(.text.vQueueWaitForMessageRestricted)
    vTaskInternalSetTimeOutState             0x08004ba9   Thumb Code    26  tasks.o(.text.vTaskInternalSetTimeOutState)
    vTaskMissedYield                         0x08004bc5   Thumb Code    14  tasks.o(.text.vTaskMissedYield)
    vTaskPlaceOnEventList                    0x08004bd5   Thumb Code    30  tasks.o(.text.vTaskPlaceOnEventList)
    vTaskPlaceOnEventListRestricted          0x08004bf5   Thumb Code    90  tasks.o(.text.vTaskPlaceOnEventListRestricted)
    vTaskStartScheduler                      0x08004c51   Thumb Code   124  tasks.o(.text.vTaskStartScheduler)
    vTaskSuspendAll                          0x08004cd5   Thumb Code    16  tasks.o(.text.vTaskSuspendAll)
    vTaskSwitchContext                       0x08004ce5   Thumb Code   108  tasks.o(.text.vTaskSwitchContext)
    xPortStartScheduler                      0x08004d51   Thumb Code    58  port.o(.text.xPortStartScheduler)
    xQueueGenericCreate                      0x08004d8d   Thumb Code    72  queue.o(.text.xQueueGenericCreate)
    xQueueGenericReset                       0x08004dd5   Thumb Code   104  queue.o(.text.xQueueGenericReset)
    xQueueReceive                            0x08004e3d   Thumb Code   276  queue.o(.text.xQueueReceive)
    xTaskCheckForTimeOut                     0x08004f51   Thumb Code    96  tasks.o(.text.xTaskCheckForTimeOut)
    xTaskCreate                              0x08004fb1   Thumb Code    96  tasks.o(.text.xTaskCreate)
    xTaskDelayUntil                          0x08005011   Thumb Code   108  tasks.o(.text.xTaskDelayUntil)
    xTaskGetTickCount                        0x0800507d   Thumb Code    12  tasks.o(.text.xTaskGetTickCount)
    xTaskIncrementTick                       0x08005089   Thumb Code   320  tasks.o(.text.xTaskIncrementTick)
    xTaskRemoveFromEventList                 0x080051c9   Thumb Code   218  tasks.o(.text.xTaskRemoveFromEventList)
    xTaskResumeAll                           0x080052a5   Thumb Code   288  tasks.o(.text.xTaskResumeAll)
    xTimerCreateTimerTask                    0x080053c5   Thumb Code    68  timers.o(.text.xTimerCreateTimerTask)
    __btod_div_common                        0x08005411   Thumb Code   696  btod.o(CL$$btod_div_common)
    _e2d                                     0x08005749   Thumb Code   122  btod.o(CL$$btod_e2d)
    _e2e                                     0x080057cd   Thumb Code   220  btod.o(CL$$btod_e2e)
    _btod_ediv                               0x080058a9   Thumb Code    42  btod.o(CL$$btod_ediv)
    _btod_edivd                              0x080058d3   Thumb Code    42  btod.o(CL$$btod_edivd)
    _btod_emul                               0x080058fd   Thumb Code    42  btod.o(CL$$btod_emul)
    _btod_emuld                              0x08005927   Thumb Code    42  btod.o(CL$$btod_emuld)
    __btod_mult_common                       0x08005951   Thumb Code   580  btod.o(CL$$btod_mult_common)
    __mathlib_dbl_overflow                   0x08005b95   Thumb Code    14  dunder.o(i.__mathlib_dbl_overflow)
    __mathlib_dbl_underflow                  0x08005ba5   Thumb Code    10  dunder.o(i.__mathlib_dbl_underflow)
    __mathlib_narrow                         0x08005bb5   Thumb Code    16  narrow.o(i.__mathlib_narrow)
    __mathlib_tofloat                        0x08005bc5   Thumb Code   184  narrow.o(i.__mathlib_tofloat)
    __support_ldexp                          0x08005c81   Thumb Code    22  ldexp.o(i.__support_ldexp)
    _is_digit                                0x08005c97   Thumb Code    14  __printf_wp.o(i._is_digit)
    frexp                                    0x08005ca5   Thumb Code    80  frexp.o(i.frexp)
    ldexp                                    0x08005cfd   Thumb Code   116  ldexp.o(i.ldexp)
    _get_lc_numeric                          0x08005d71   Thumb Code    44  lc_numeric_c.o(locale$$code)
    _get_lc_ctype                            0x08005d9d   Thumb Code    44  lc_ctype_c.o(locale$$code)
    __aeabi_d2f                              0x08005dc9   Thumb Code     0  d2f.o(x$fpl$d2f)
    _d2f                                     0x08005dc9   Thumb Code    98  d2f.o(x$fpl$d2f)
    __fpl_dcheck_NaN1                        0x08005e2d   Thumb Code    10  dcheck1.o(x$fpl$dcheck1)
    __fpl_dcmp_Inf                           0x08005e3d   Thumb Code    24  dcmpi.o(x$fpl$dcmpinf)
    __aeabi_ddiv                             0x08005e55   Thumb Code     0  ddiv.o(x$fpl$ddiv)
    _ddiv                                    0x08005e55   Thumb Code   556  ddiv.o(x$fpl$ddiv)
    __aeabi_cdcmpeq                          0x08006109   Thumb Code     0  deqf.o(x$fpl$deqf)
    _dcmpeq                                  0x08006109   Thumb Code   120  deqf.o(x$fpl$deqf)
    __aeabi_cdcmple                          0x08006181   Thumb Code     0  dleqf.o(x$fpl$dleqf)
    _dcmple                                  0x08006181   Thumb Code   120  dleqf.o(x$fpl$dleqf)
    __fpl_dcmple_InfNaN                      0x080061e3   Thumb Code     0  dleqf.o(x$fpl$dleqf)
    __fpl_dnaninf                            0x080061f9   Thumb Code   156  dnaninf.o(x$fpl$dnaninf)
    __fpl_dretinf                            0x08006295   Thumb Code    12  dretinf.o(x$fpl$dretinf)
    __aeabi_cdrcmple                         0x080062a1   Thumb Code     0  drleqf.o(x$fpl$drleqf)
    _drcmple                                 0x080062a1   Thumb Code   108  drleqf.o(x$fpl$drleqf)
    __aeabi_f2d                              0x0800630d   Thumb Code     0  f2d.o(x$fpl$f2d)
    _f2d                                     0x0800630d   Thumb Code    86  f2d.o(x$fpl$f2d)
    __fpl_fnaninf                            0x08006363   Thumb Code   140  fnaninf.o(x$fpl$fnaninf)
    __fpl_fretinf                            0x080063ef   Thumb Code    10  fretinf.o(x$fpl$fretinf)
    __ieee_status                            0x080063f9   Thumb Code     6  istatus.o(x$fpl$ieeestatus)
    __fpl_return_NaN                         0x080063ff   Thumb Code   100  retnan.o(x$fpl$retnan)
    __ARM_scalbn                             0x08006463   Thumb Code    92  scalbn.o(x$fpl$scalbn)
    _scanf_real                              0x080064bf   Thumb Code     4  scanf1.o(x$fpl$scanf1)
    _scanf_hex_real                          0x080064c3   Thumb Code     4  scanf2.o(x$fpl$scanf2)
    _scanf_infnan                            0x080064c7   Thumb Code     4  scanf2.o(x$fpl$scanf2)
    __fpl_cmpreturn                          0x080064cb   Thumb Code    48  trapv.o(x$fpl$trapveneer)
    __I$use$fp                               0x080064fa   Number         0  usenofp.o(x$fpl$usenofp)
    AHBPrescTable                            0x08006590   Data          16  system_stm32f1xx.o(.rodata.AHBPrescTable)
    APBPrescTable                            0x080065a0   Data           8  system_stm32f1xx.o(.rodata.APBPrescTable)
    uxTopUsedPriority                        0x080065ac   Data           4  tasks.o(.rodata.uxTopUsedPriority)
    Region$$Table$$Base                      0x080065b0   Number         0  anon$$obj.o(Region$$Table)
    Region$$Table$$Limit                     0x080065d0   Number         0  anon$$obj.o(Region$$Table)
    __aeabi_HUGE_VAL                         0x080065d0   Data           0  fpconst.o(c$$dinf)
    __aeabi_HUGE_VALL                        0x080065d0   Data           0  fpconst.o(c$$dinf)
    __aeabi_INFINITY                         0x080065d0   Data           0  fpconst.o(c$$dinf)
    __dInf                                   0x080065d0   Data           0  fpconst.o(c$$dinf)
    __huge_val                               0x080065d0   Data           0  fpconst.o(c$$dinf)
    __dbl_max                                0x080065d8   Data           0  fpconst.o(c$$dmax)
    __ctype                                  0x08006609   Data           0  lc_ctype_c.o(locale$$data)
    SystemCoreClock                          0x20000000   Data           4  system_stm32f1xx.o(.data.SystemCoreClock)
    new_line                                 0x20000004   Data           2  main.o(.data.new_line)
    uwTickFreq                               0x20000006   Data           1  stm32f1xx_hal.o(.data.uwTickFreq)
    uwTickPrio                               0x20000008   Data           4  stm32f1xx_hal.o(.data.uwTickPrio)
    __libspace_start                         0x20000010   Data          96  libspace.o(.bss)
    CAN_end                                  0x20000070   Data           2  main.o(.bss.CAN_end)
    __temporary_stack_top$libspace           0x20000070   Data           0  libspace.o(.bss)
    CAN_execution_time                       0x20000072   Data           2  main.o(.bss.CAN_execution_time)
    CAN_start                                0x20000074   Data           2  main.o(.bss.CAN_start)
    CAN_time                                 0x20000076   Data         100  main.o(.bss.CAN_time)
    GPS                                      0x200000e0   Data          48  gps.o(.bss.GPS)
    GPS_end                                  0x20000174   Data           2  main.o(.bss.GPS_end)
    GPS_execution_time                       0x20000176   Data           2  main.o(.bss.GPS_execution_time)
    GPS_start                                0x20000178   Data           2  main.o(.bss.GPS_start)
    GPS_time                                 0x2000017a   Data         100  main.o(.bss.GPS_time)
    hcan                                     0x200001e0   Data          40  main.o(.bss.hcan)
    hi2c1                                    0x20000208   Data          84  main.o(.bss.hi2c1)
    htim1                                    0x2000025c   Data          72  stm32f1xx_hal_timebase_tim.o(.bss.htim1)
    htim2                                    0x200002a4   Data          72  main.o(.bss.htim2)
    huart1                                   0x200002ec   Data          68  main.o(.bss.huart1)
    huart2                                   0x20000330   Data          68  main.o(.bss.huart2)
    lat_send                                 0x20000378   Data           8  main.o(.bss.lat_send)
    lattitudeTx                              0x20000380   Data          24  main.o(.bss.lattitudeTx)
    long_send                                0x20000398   Data           8  main.o(.bss.long_send)
    longitudeTx                              0x200003a0   Data          24  main.o(.bss.longitudeTx)
    mailbox                                  0x200003b8   Data           4  main.o(.bss.mailbox)
    pxCurrentTCB                             0x200003c4   Data           4  tasks.o(.bss.pxCurrentTCB)
    speedTx                                  0x20000504   Data          24  main.o(.bss.speedTx)
    speed_send                               0x20000520   Data           8  main.o(.bss.speed_send)
    uwTick                                   0x20004928   Data           4  stm32f1xx_hal.o(.bss.uwTick)



==============================================================================

Memory Map of the image

  Image Entry point : 0x080000ed

  Load Region LR_IROM1 (Base: 0x08000000, Size: 0x00006720, Max: 0x00010000, ABSOLUTE)

    Execution Region ER_IROM1 (Exec base: 0x08000000, Load base: 0x08000000, Size: 0x0000670c, Max: 0x00010000, ABSOLUTE)

    Exec Addr    Load Addr    Size         Type   Attr      Idx    E Section Name        Object

    0x08000000   0x08000000   0x000000ec   Data   RO            3    RESET               startup_stm32f103xb.o
    0x080000ec   0x080000ec   0x00000008   Code   RO         1744  * !!!main             c_w.l(__main.o)
    0x080000f4   0x080000f4   0x00000034   Code   RO         2128    !!!scatter          c_w.l(__scatter.o)
    0x08000128   0x08000128   0x0000001a   Code   RO         2130    !!handler_copy      c_w.l(__scatter_copy.o)
    0x08000142   0x08000142   0x00000002   PAD
    0x08000144   0x08000144   0x0000001c   Code   RO         2132    !!handler_zi        c_w.l(__scatter_zi.o)
    0x08000160   0x08000160   0x00000000   Code   RO         1727    .ARM.Collect$$_printf_percent$$00000000  c_w.l(_printf_percent.o)
    0x08000160   0x08000160   0x00000006   Code   RO         1726    .ARM.Collect$$_printf_percent$$00000009  c_w.l(_printf_d.o)
    0x08000166   0x08000166   0x00000004   Code   RO         1799    .ARM.Collect$$_printf_percent$$00000017  c_w.l(_printf_percent_end.o)
    0x0800016a   0x0800016a   0x00000002   Code   RO         1970    .ARM.Collect$$libinit$$00000000  c_w.l(libinit.o)
    0x0800016c   0x0800016c   0x00000000   Code   RO         1972    .ARM.Collect$$libinit$$00000002  c_w.l(libinit2.o)
    0x0800016c   0x0800016c   0x00000000   Code   RO         1974    .ARM.Collect$$libinit$$00000004  c_w.l(libinit2.o)
    0x0800016c   0x0800016c   0x00000000   Code   RO         1977    .ARM.Collect$$libinit$$0000000A  c_w.l(libinit2.o)
    0x0800016c   0x0800016c   0x00000000   Code   RO         1979    .ARM.Collect$$libinit$$0000000C  c_w.l(libinit2.o)
    0x0800016c   0x0800016c   0x00000000   Code   RO         1981    .ARM.Collect$$libinit$$0000000E  c_w.l(libinit2.o)
    0x0800016c   0x0800016c   0x00000006   Code   RO         1982    .ARM.Collect$$libinit$$0000000F  c_w.l(libinit2.o)
    0x08000172   0x08000172   0x00000000   Code   RO         1984    .ARM.Collect$$libinit$$00000011  c_w.l(libinit2.o)
    0x08000172   0x08000172   0x0000000c   Code   RO         1985    .ARM.Collect$$libinit$$00000012  c_w.l(libinit2.o)
    0x0800017e   0x0800017e   0x00000000   Code   RO         1986    .ARM.Collect$$libinit$$00000013  c_w.l(libinit2.o)
    0x0800017e   0x0800017e   0x00000000   Code   RO         1988    .ARM.Collect$$libinit$$00000015  c_w.l(libinit2.o)
    0x0800017e   0x0800017e   0x0000000a   Code   RO         1989    .ARM.Collect$$libinit$$00000016  c_w.l(libinit2.o)
    0x08000188   0x08000188   0x00000000   Code   RO         1990    .ARM.Collect$$libinit$$00000017  c_w.l(libinit2.o)
    0x08000188   0x08000188   0x00000000   Code   RO         1992    .ARM.Collect$$libinit$$00000019  c_w.l(libinit2.o)
    0x08000188   0x08000188   0x00000000   Code   RO         1994    .ARM.Collect$$libinit$$0000001B  c_w.l(libinit2.o)
    0x08000188   0x08000188   0x00000000   Code   RO         1996    .ARM.Collect$$libinit$$0000001D  c_w.l(libinit2.o)
    0x08000188   0x08000188   0x00000000   Code   RO         1998    .ARM.Collect$$libinit$$0000001F  c_w.l(libinit2.o)
    0x08000188   0x08000188   0x00000000   Code   RO         2000    .ARM.Collect$$libinit$$00000021  c_w.l(libinit2.o)
    0x08000188   0x08000188   0x00000000   Code   RO         2002    .ARM.Collect$$libinit$$00000023  c_w.l(libinit2.o)
    0x08000188   0x08000188   0x00000000   Code   RO         2004    .ARM.Collect$$libinit$$00000025  c_w.l(libinit2.o)
    0x08000188   0x08000188   0x00000000   Code   RO         2008    .ARM.Collect$$libinit$$0000002C  c_w.l(libinit2.o)
    0x08000188   0x08000188   0x00000000   Code   RO         2010    .ARM.Collect$$libinit$$0000002E  c_w.l(libinit2.o)
    0x08000188   0x08000188   0x00000000   Code   RO         2012    .ARM.Collect$$libinit$$00000030  c_w.l(libinit2.o)
    0x08000188   0x08000188   0x00000000   Code   RO         2014    .ARM.Collect$$libinit$$00000032  c_w.l(libinit2.o)
    0x08000188   0x08000188   0x00000002   Code   RO         2015    .ARM.Collect$$libinit$$00000033  c_w.l(libinit2.o)
    0x0800018a   0x0800018a   0x00000002   Code   RO         2074    .ARM.Collect$$libshutdown$$00000000  c_w.l(libshutdown.o)
    0x0800018c   0x0800018c   0x00000000   Code   RO         2085    .ARM.Collect$$libshutdown$$00000002  c_w.l(libshutdown2.o)
    0x0800018c   0x0800018c   0x00000000   Code   RO         2087    .ARM.Collect$$libshutdown$$00000004  c_w.l(libshutdown2.o)
    0x0800018c   0x0800018c   0x00000000   Code   RO         2090    .ARM.Collect$$libshutdown$$00000007  c_w.l(libshutdown2.o)
    0x0800018c   0x0800018c   0x00000000   Code   RO         2093    .ARM.Collect$$libshutdown$$0000000A  c_w.l(libshutdown2.o)
    0x0800018c   0x0800018c   0x00000000   Code   RO         2095    .ARM.Collect$$libshutdown$$0000000C  c_w.l(libshutdown2.o)
    0x0800018c   0x0800018c   0x00000000   Code   RO         2098    .ARM.Collect$$libshutdown$$0000000F  c_w.l(libshutdown2.o)
    0x0800018c   0x0800018c   0x00000002   Code   RO         2099    .ARM.Collect$$libshutdown$$00000010  c_w.l(libshutdown2.o)
    0x0800018e   0x0800018e   0x00000000   Code   RO         1790    .ARM.Collect$$rtentry$$00000000  c_w.l(__rtentry.o)
    0x0800018e   0x0800018e   0x00000000   Code   RO         1857    .ARM.Collect$$rtentry$$00000002  c_w.l(__rtentry2.o)
    0x0800018e   0x0800018e   0x00000006   Code   RO         1869    .ARM.Collect$$rtentry$$00000004  c_w.l(__rtentry4.o)
    0x08000194   0x08000194   0x00000000   Code   RO         1859    .ARM.Collect$$rtentry$$00000009  c_w.l(__rtentry2.o)
    0x08000194   0x08000194   0x00000004   Code   RO         1860    .ARM.Collect$$rtentry$$0000000A  c_w.l(__rtentry2.o)
    0x08000198   0x08000198   0x00000000   Code   RO         1862    .ARM.Collect$$rtentry$$0000000C  c_w.l(__rtentry2.o)
    0x08000198   0x08000198   0x00000008   Code   RO         1863    .ARM.Collect$$rtentry$$0000000D  c_w.l(__rtentry2.o)
    0x080001a0   0x080001a0   0x00000002   Code   RO         2024    .ARM.Collect$$rtexit$$00000000  c_w.l(rtexit.o)
    0x080001a2   0x080001a2   0x00000000   Code   RO         2046    .ARM.Collect$$rtexit$$00000002  c_w.l(rtexit2.o)
    0x080001a2   0x080001a2   0x00000004   Code   RO         2047    .ARM.Collect$$rtexit$$00000003  c_w.l(rtexit2.o)
    0x080001a6   0x080001a6   0x00000006   Code   RO         2048    .ARM.Collect$$rtexit$$00000004  c_w.l(rtexit2.o)
    0x080001ac   0x080001ac   0x00000040   Code   RO            4    .text               startup_stm32f103xb.o
    0x080001ec   0x080001ec   0x0000002c   Code   RO         1698    .text               c_w.l(__2sprintf.o)
    0x08000218   0x08000218   0x00000068   Code   RO         1702    .text               c_w.l(__printf.o)
    0x08000280   0x08000280   0x00000078   Code   RO         1704    .text               c_w.l(_printf_dec.o)
    0x080002f8   0x080002f8   0x0000003c   Code   RO         1728    .text               c_w.l(__0sscanf.o)
    0x08000334   0x08000334   0x0000014c   Code   RO         1730    .text               c_w.l(_scanf_int.o)
    0x08000480   0x08000480   0x000000e0   Code   RO         1732    .text               c_w.l(_scanf_str.o)
    0x08000560   0x08000560   0x0000008a   Code   RO         1736    .text               c_w.l(rt_memcpy_v6.o)
    0x080005ea   0x080005ea   0x00000010   Code   RO         1738    .text               c_w.l(aeabi_memset4.o)
    0x080005fa   0x080005fa   0x0000004e   Code   RO         1740    .text               c_w.l(rt_memclr_w.o)
    0x08000648   0x08000648   0x00000006   Code   RO         1742    .text               c_w.l(heapauxi.o)
    0x0800064e   0x0800064e   0x00000016   Code   RO         1791    .text               c_w.l(_rserrno.o)
    0x08000664   0x08000664   0x000000b2   Code   RO         1793    .text               c_w.l(_printf_intcommon.o)
    0x08000716   0x08000716   0x00000002   PAD
    0x08000718   0x08000718   0x00000030   Code   RO         1795    .text               c_w.l(_printf_char_common.o)
    0x08000748   0x08000748   0x0000000a   Code   RO         1797    .text               c_w.l(_sputc.o)
    0x08000752   0x08000752   0x0000001c   Code   RO         1800    .text               c_w.l(_chval.o)
    0x0800076e   0x0800076e   0x00000002   PAD
    0x08000770   0x08000770   0x000004f8   Code   RO         1802    .text               c_w.l(scanf_fp.o)
    0x08000c68   0x08000c68   0x0000002c   Code   RO         1806    .text               c_w.l(scanf_char.o)
    0x08000c94   0x08000c94   0x00000040   Code   RO         1808    .text               c_w.l(_sgetc.o)
    0x08000cd4   0x08000cd4   0x00000064   Code   RO         1810    .text               c_w.l(rt_memcpy_w.o)
    0x08000d38   0x08000d38   0x00000008   Code   RO         1874    .text               c_w.l(rt_locale_intlibspace.o)
    0x08000d40   0x08000d40   0x00000008   Code   RO         1879    .text               c_w.l(rt_errno_addr_intlibspace.o)
    0x08000d48   0x08000d48   0x00000026   Code   RO         1881    .text               c_w.l(llshl.o)
    0x08000d6e   0x08000d6e   0x00000012   Code   RO         1883    .text               c_w.l(isspace.o)
    0x08000d80   0x08000d80   0x00000374   Code   RO         1887    .text               c_w.l(_scanf.o)
    0x080010f4   0x080010f4   0x000000e4   Code   RO         1889    .text               c_w.l(bigflt0.o)
    0x080011d8   0x080011d8   0x00000008   Code   RO         1948    .text               c_w.l(libspace.o)
    0x080011e0   0x080011e0   0x0000004a   Code   RO         1951    .text               c_w.l(sys_stackheap_outer.o)
    0x0800122a   0x0800122a   0x00000002   PAD
    0x0800122c   0x0800122c   0x00000010   Code   RO         1953    .text               c_w.l(rt_ctype_table.o)
    0x0800123c   0x0800123c   0x00000320   Code   RO         1955    .text               c_w.l(scanf_hexfp.o)
    0x0800155c   0x0800155c   0x00000134   Code   RO         1957    .text               c_w.l(scanf_infnan.o)
    0x08001690   0x08001690   0x00000012   Code   RO         1961    .text               c_w.l(exit.o)
    0x080016a2   0x080016a2   0x00000002   PAD
    0x080016a4   0x080016a4   0x00000080   Code   RO         1963    .text               c_w.l(strcmpv7m.o)
    0x08001724   0x08001724   0x0000000c   Code   RO         2060    .text               c_w.l(sys_exit.o)
    0x08001730   0x08001730   0x00000002   Code   RO         2075    .text               c_w.l(use_no_semi.o)
    0x08001732   0x08001732   0x00000000   Code   RO         2077    .text               c_w.l(indicate_semi.o)
    0x08001732   0x08001732   0x00000002   PAD
    0x08001734   0x08001734   0x00000002   Code   RO          128    .text.BusFault_Handler  stm32f1xx_it.o
    0x08001736   0x08001736   0x00000002   PAD
    0x08001738   0x08001738   0x000000ae   Code   RO           53    .text.CAN_Task      main.o
    0x080017e6   0x080017e6   0x00000002   PAD
    0x080017e8   0x080017e8   0x00000002   Code   RO          132    .text.DebugMon_Handler  stm32f1xx_it.o
    0x080017ea   0x080017ea   0x00000002   PAD
    0x080017ec   0x080017ec   0x0000000a   Code   RO           77    .text.Error_Handler  main.o
    0x080017f6   0x080017f6   0x00000002   PAD
    0x080017f8   0x080017f8   0x00000052   Code   RO           17    .text.GPS_I2C_receive  gps.o
    0x0800184a   0x0800184a   0x00000002   PAD
    0x0800184c   0x0800184c   0x000000dc   Code   RO           13    .text.GPS_Parse     gps.o
    0x08001928   0x08001928   0x000000a6   Code   RO           51    .text.GPS_Task      main.o
    0x080019ce   0x080019ce   0x00000002   PAD
    0x080019d0   0x080019d0   0x00000026   Code   RO          240    .text.HAL_CAN_ActivateNotification  stm32f1xx_hal_can.o
    0x080019f6   0x080019f6   0x00000002   PAD
    0x080019f8   0x080019f8   0x000000a4   Code   RO          226    .text.HAL_CAN_AddTxMessage  stm32f1xx_hal_can.o
    0x08001a9c   0x08001a9c   0x00000002   Code   RO          270    .text.HAL_CAN_ErrorCallback  stm32f1xx_hal_can.o
    0x08001a9e   0x08001a9e   0x00000002   PAD
    0x08001aa0   0x08001aa0   0x0000023a   Code   RO          244    .text.HAL_CAN_IRQHandler  stm32f1xx_hal_can.o
    0x08001cda   0x08001cda   0x00000002   PAD
    0x08001cdc   0x08001cdc   0x000000f4   Code   RO          206    .text.HAL_CAN_Init  stm32f1xx_hal_can.o
    0x08001dd0   0x08001dd0   0x0000009e   Code   RO          153    .text.HAL_CAN_MspInit  stm32f1xx_hal_msp.o
    0x08001e6e   0x08001e6e   0x00000002   PAD
    0x08001e70   0x08001e70   0x00000002   Code   RO          258    .text.HAL_CAN_RxFifo0FullCallback  stm32f1xx_hal_can.o
    0x08001e72   0x08001e72   0x00000002   PAD
    0x08001e74   0x08001e74   0x00000002   Code   RO          260    .text.HAL_CAN_RxFifo0MsgPendingCallback  stm32f1xx_hal_can.o
    0x08001e76   0x08001e76   0x00000002   PAD
    0x08001e78   0x08001e78   0x00000002   Code   RO          262    .text.HAL_CAN_RxFifo1FullCallback  stm32f1xx_hal_can.o
    0x08001e7a   0x08001e7a   0x00000002   PAD
    0x08001e7c   0x08001e7c   0x00000002   Code   RO          264    .text.HAL_CAN_RxFifo1MsgPendingCallback  stm32f1xx_hal_can.o
    0x08001e7e   0x08001e7e   0x00000002   PAD
    0x08001e80   0x08001e80   0x00000002   Code   RO          266    .text.HAL_CAN_SleepCallback  stm32f1xx_hal_can.o
    0x08001e82   0x08001e82   0x00000002   PAD
    0x08001e84   0x08001e84   0x0000005a   Code   RO          218    .text.HAL_CAN_Start  stm32f1xx_hal_can.o
    0x08001ede   0x08001ede   0x00000002   PAD
    0x08001ee0   0x08001ee0   0x00000002   Code   RO          248    .text.HAL_CAN_TxMailbox0AbortCallback  stm32f1xx_hal_can.o
    0x08001ee2   0x08001ee2   0x00000002   PAD
    0x08001ee4   0x08001ee4   0x00000056   Code   RO           55    .text.HAL_CAN_TxMailbox0CompleteCallback  main.o
    0x08001f3a   0x08001f3a   0x00000002   PAD
    0x08001f3c   0x08001f3c   0x00000002   Code   RO          252    .text.HAL_CAN_TxMailbox1AbortCallback  stm32f1xx_hal_can.o
    0x08001f3e   0x08001f3e   0x00000002   PAD
    0x08001f40   0x08001f40   0x00000056   Code   RO           57    .text.HAL_CAN_TxMailbox1CompleteCallback  main.o
    0x08001f96   0x08001f96   0x00000002   PAD
    0x08001f98   0x08001f98   0x00000002   Code   RO          256    .text.HAL_CAN_TxMailbox2AbortCallback  stm32f1xx_hal_can.o
    0x08001f9a   0x08001f9a   0x00000002   PAD
    0x08001f9c   0x08001f9c   0x00000056   Code   RO           59    .text.HAL_CAN_TxMailbox2CompleteCallback  main.o
    0x08001ff2   0x08001ff2   0x00000002   PAD
    0x08001ff4   0x08001ff4   0x00000002   Code   RO          268    .text.HAL_CAN_WakeUpFromRxMsgCallback  stm32f1xx_hal_can.o
    0x08001ff6   0x08001ff6   0x00000002   PAD
    0x08001ff8   0x08001ff8   0x00000040   Code   RO          433    .text.HAL_DMA_Abort  stm32f1xx_hal_dma.o
    0x08002038   0x08002038   0x000000a4   Code   RO          435    .text.HAL_DMA_Abort_IT  stm32f1xx_hal_dma.o
    0x080020dc   0x080020dc   0x000001fa   Code   RO          399    .text.HAL_GPIO_Init  stm32f1xx_hal_gpio.o
    0x080022d6   0x080022d6   0x00000002   PAD
    0x080022d8   0x080022d8   0x00000010   Code   RO          407    .text.HAL_GPIO_TogglePin  stm32f1xx_hal_gpio.o
    0x080022e8   0x080022e8   0x0000000a   Code   RO          405    .text.HAL_GPIO_WritePin  stm32f1xx_hal_gpio.o
    0x080022f2   0x080022f2   0x00000002   PAD
    0x080022f4   0x080022f4   0x0000000c   Code   RO          298    .text.HAL_GetTick   stm32f1xx_hal.o
    0x08002300   0x08002300   0x00000198   Code   RO          670    .text.HAL_I2C_Init  stm32f1xx_hal_i2c.o
    0x08002498   0x08002498   0x000002d4   Code   RO          724    .text.HAL_I2C_Mem_Read  stm32f1xx_hal_i2c.o
    0x0800276c   0x0800276c   0x00000068   Code   RO          157    .text.HAL_I2C_MspInit  stm32f1xx_hal_msp.o
    0x080027d4   0x080027d4   0x0000001a   Code   RO          296    .text.HAL_IncTick   stm32f1xx_hal.o
    0x080027ee   0x080027ee   0x00000002   PAD
    0x080027f0   0x080027f0   0x00000026   Code   RO          286    .text.HAL_Init      stm32f1xx_hal.o
    0x08002816   0x08002816   0x00000002   PAD
    0x08002818   0x08002818   0x0000008a   Code   RO          177    .text.HAL_InitTick  stm32f1xx_hal_timebase_tim.o
    0x080028a2   0x080028a2   0x00000002   PAD
    0x080028a4   0x080028a4   0x00000042   Code   RO          151    .text.HAL_MspInit   stm32f1xx_hal_msp.o
    0x080028e6   0x080028e6   0x00000002   PAD
    0x080028e8   0x080028e8   0x00000008   Code   RO          469    .text.HAL_NVIC_EnableIRQ  stm32f1xx_hal_cortex.o
    0x080028f0   0x080028f0   0x0000001e   Code   RO          461    .text.HAL_NVIC_SetPriority  stm32f1xx_hal_cortex.o
    0x0800290e   0x0800290e   0x00000002   PAD
    0x08002910   0x08002910   0x00000008   Code   RO          457    .text.HAL_NVIC_SetPriorityGrouping  stm32f1xx_hal_cortex.o
    0x08002918   0x08002918   0x00000174   Code   RO          353    .text.HAL_RCC_ClockConfig  stm32f1xx_hal_rcc.o
    0x08002a8c   0x08002a8c   0x00000042   Code   RO          371    .text.HAL_RCC_GetClockConfig  stm32f1xx_hal_rcc.o
    0x08002ace   0x08002ace   0x00000002   PAD
    0x08002ad0   0x08002ad0   0x0000000c   Code   RO          363    .text.HAL_RCC_GetHCLKFreq  stm32f1xx_hal_rcc.o
    0x08002adc   0x08002adc   0x00000022   Code   RO          365    .text.HAL_RCC_GetPCLK1Freq  stm32f1xx_hal_rcc.o
    0x08002afe   0x08002afe   0x00000002   PAD
    0x08002b00   0x08002b00   0x00000022   Code   RO          367    .text.HAL_RCC_GetPCLK2Freq  stm32f1xx_hal_rcc.o
    0x08002b22   0x08002b22   0x00000002   PAD
    0x08002b24   0x08002b24   0x00000060   Code   RO          355    .text.HAL_RCC_GetSysClockFreq  stm32f1xx_hal_rcc.o
    0x08002b84   0x08002b84   0x0000030c   Code   RO          349    .text.HAL_RCC_OscConfig  stm32f1xx_hal_rcc.o
    0x08002e90   0x08002e90   0x00000002   Code   RO         1164    .text.HAL_TIMEx_BreakCallback  stm32f1xx_hal_tim_ex.o
    0x08002e92   0x08002e92   0x00000002   PAD
    0x08002e94   0x08002e94   0x00000002   Code   RO         1160    .text.HAL_TIMEx_CommutCallback  stm32f1xx_hal_tim_ex.o
    0x08002e96   0x08002e96   0x00000002   PAD
    0x08002e98   0x08002e98   0x00000076   Code   RO         1154    .text.HAL_TIMEx_MasterConfigSynchronization  stm32f1xx_hal_tim_ex.o
    0x08002f0e   0x08002f0e   0x00000002   PAD
    0x08002f10   0x08002f10   0x0000005a   Code   RO          840    .text.HAL_TIM_Base_Init  stm32f1xx_hal_tim.o
    0x08002f6a   0x08002f6a   0x00000002   PAD
    0x08002f6c   0x08002f6c   0x0000003e   Code   RO          161    .text.HAL_TIM_Base_MspInit  stm32f1xx_hal_msp.o
    0x08002faa   0x08002faa   0x00000002   PAD
    0x08002fac   0x08002fac   0x00000066   Code   RO          854    .text.HAL_TIM_Base_Start_IT  stm32f1xx_hal_tim.o
    0x08003012   0x08003012   0x00000002   PAD
    0x08003014   0x08003014   0x00000032   Code   RO          856    .text.HAL_TIM_Base_Stop_IT  stm32f1xx_hal_tim.o
    0x08003046   0x08003046   0x00000002   PAD
    0x08003048   0x08003048   0x000000d0   Code   RO         1032    .text.HAL_TIM_ConfigClockSource  stm32f1xx_hal_tim.o
    0x08003118   0x08003118   0x00000002   Code   RO          976    .text.HAL_TIM_IC_CaptureCallback  stm32f1xx_hal_tim.o
    0x0800311a   0x0800311a   0x00000002   PAD
    0x0800311c   0x0800311c   0x0000016a   Code   RO          974    .text.HAL_TIM_IRQHandler  stm32f1xx_hal_tim.o
    0x08003286   0x08003286   0x00000002   PAD
    0x08003288   0x08003288   0x00000002   Code   RO          978    .text.HAL_TIM_OC_DelayElapsedCallback  stm32f1xx_hal_tim.o
    0x0800328a   0x0800328a   0x00000002   PAD
    0x0800328c   0x0800328c   0x00000002   Code   RO          980    .text.HAL_TIM_PWM_PulseFinishedCallback  stm32f1xx_hal_tim.o
    0x0800328e   0x0800328e   0x00000002   PAD
    0x08003290   0x08003290   0x00000016   Code   RO           79    .text.HAL_TIM_PeriodElapsedCallback  main.o
    0x080032a6   0x080032a6   0x00000002   PAD
    0x080032a8   0x080032a8   0x00000002   Code   RO          984    .text.HAL_TIM_TriggerCallback  stm32f1xx_hal_tim.o
    0x080032aa   0x080032aa   0x00000002   PAD
    0x080032ac   0x080032ac   0x00000002   Code   RO         1268    .text.HAL_UARTEx_RxEventCallback  stm32f1xx_hal_uart.o
    0x080032ae   0x080032ae   0x00000002   PAD
    0x080032b0   0x080032b0   0x00000002   Code   RO         1266    .text.HAL_UART_ErrorCallback  stm32f1xx_hal_uart.o
    0x080032b2   0x080032b2   0x00000002   PAD
    0x080032b4   0x080032b4   0x000001d0   Code   RO         1260    .text.HAL_UART_IRQHandler  stm32f1xx_hal_uart.o
    0x08003484   0x08003484   0x0000005e   Code   RO         1178    .text.HAL_UART_Init  stm32f1xx_hal_uart.o
    0x080034e2   0x080034e2   0x00000002   PAD
    0x080034e4   0x080034e4   0x000000fa   Code   RO          165    .text.HAL_UART_MspInit  stm32f1xx_hal_msp.o
    0x080035de   0x080035de   0x00000002   PAD
    0x080035e0   0x080035e0   0x00000002   Code   RO         1278    .text.HAL_UART_RxCpltCallback  stm32f1xx_hal_uart.o
    0x080035e2   0x080035e2   0x00000002   PAD
    0x080035e4   0x080035e4   0x000000cc   Code   RO         1194    .text.HAL_UART_Transmit  stm32f1xx_hal_uart.o
    0x080036b0   0x080036b0   0x00000002   Code   RO         1274    .text.HAL_UART_TxCpltCallback  stm32f1xx_hal_uart.o
    0x080036b2   0x080036b2   0x00000002   PAD
    0x080036b4   0x080036b4   0x00000002   Code   RO          124    .text.HardFault_Handler  stm32f1xx_it.o
    0x080036b6   0x080036b6   0x00000002   PAD
    0x080036b8   0x080036b8   0x00000030   Code   RO          830    .text.I2C_IsAcknowledgeFailed  stm32f1xx_hal_i2c.o
    0x080036e8   0x080036e8   0x0000010c   Code   RO          726    .text.I2C_RequestMemoryRead  stm32f1xx_hal_i2c.o
    0x080037f4   0x080037f4   0x00000074   Code   RO          680    .text.I2C_WaitOnFlagUntilTimeout  stm32f1xx_hal_i2c.o
    0x08003868   0x08003868   0x0000008c   Code   RO          828    .text.I2C_WaitOnMasterAddressFlagUntilTimeout  stm32f1xx_hal_i2c.o
    0x080038f4   0x080038f4   0x0000005e   Code   RO          692    .text.I2C_WaitOnRXNEFlagUntilTimeout  stm32f1xx_hal_i2c.o
    0x08003952   0x08003952   0x00000002   PAD
    0x08003954   0x08003954   0x0000005e   Code   RO          684    .text.I2C_WaitOnTXEFlagUntilTimeout  stm32f1xx_hal_i2c.o
    0x080039b2   0x080039b2   0x00000002   PAD
    0x080039b4   0x080039b4   0x0000003a   Code   RO           43    .text.Lattitude_Tx  main.o
    0x080039ee   0x080039ee   0x00000002   PAD
    0x080039f0   0x080039f0   0x0000003a   Code   RO           39    .text.Longitude_Tx  main.o
    0x08003a2a   0x08003a2a   0x00000002   PAD
    0x08003a2c   0x08003a2c   0x00000040   Code   RO           75    .text.MX_CAN_Init   main.o
    0x08003a6c   0x08003a6c   0x0000008e   Code   RO           65    .text.MX_GPIO_Init  main.o
    0x08003afa   0x08003afa   0x00000002   PAD
    0x08003afc   0x08003afc   0x0000003e   Code   RO           67    .text.MX_I2C1_Init  main.o
    0x08003b3a   0x08003b3a   0x00000002   PAD
    0x08003b3c   0x08003b3c   0x0000006c   Code   RO           73    .text.MX_TIM2_Init  main.o
    0x08003ba8   0x08003ba8   0x00000038   Code   RO           69    .text.MX_USART1_UART_Init  main.o
    0x08003be0   0x08003be0   0x00000038   Code   RO           71    .text.MX_USART2_UART_Init  main.o
    0x08003c18   0x08003c18   0x00000002   Code   RO          126    .text.MemManage_Handler  stm32f1xx_it.o
    0x08003c1a   0x08003c1a   0x00000002   PAD
    0x08003c1c   0x08003c1c   0x00000002   Code   RO          122    .text.NMI_Handler   stm32f1xx_it.o
    0x08003c1e   0x08003c1e   0x00000002   PAD
    0x08003c20   0x08003c20   0x0000002c   Code   RO          467    .text.NVIC_EncodePriority  stm32f1xx_hal_cortex.o
    0x08003c4c   0x08003c4c   0x00000004   PAD
    0x08003c50   0x08003c50   0x00000044   Code   RO         1665    .text.PendSV_Handler  port.o
    0x08003c94   0x08003c94   0x0000002c   Code   RO          351    .text.RCC_Delay     stm32f1xx_hal_rcc.o
    0x08003cc0   0x08003cc0   0x00000024   Code   RO         1651    .text.SVC_Handler   port.o
    0x08003ce4   0x08003ce4   0x0000003a   Code   RO           47    .text.Speed_Tx      main.o
    0x08003d1e   0x08003d1e   0x00000002   PAD
    0x08003d20   0x08003d20   0x0000002e   Code   RO         1667    .text.SysTick_Handler  port.o
    0x08003d4e   0x08003d4e   0x00000002   PAD
    0x08003d50   0x08003d50   0x00000060   Code   RO           63    .text.SystemClock_Config  main.o
    0x08003db0   0x08003db0   0x00000002   Code   RO         1308    .text.SystemInit    system_stm32f1xx.o
    0x08003db2   0x08003db2   0x00000002   PAD
    0x08003db4   0x08003db4   0x00000010   Code   RO          138    .text.TIM1_UP_IRQHandler  stm32f1xx_it.o
    0x08003dc4   0x08003dc4   0x00000010   Code   RO          140    .text.TIM2_IRQHandler  stm32f1xx_it.o
    0x08003dd4   0x08003dd4   0x0000008a   Code   RO          844    .text.TIM_Base_SetConfig  stm32f1xx_hal_tim.o
    0x08003e5e   0x08003e5e   0x00000002   PAD
    0x08003e60   0x08003e60   0x00000016   Code   RO         1030    .text.TIM_ETR_SetConfig  stm32f1xx_hal_tim.o
    0x08003e76   0x08003e76   0x00000002   PAD
    0x08003e78   0x08003e78   0x00000010   Code   RO         1036    .text.TIM_ITRx_SetConfig  stm32f1xx_hal_tim.o
    0x08003e88   0x08003e88   0x00000022   Code   RO         1034    .text.TIM_TI1_ConfigInputStage  stm32f1xx_hal_tim.o
    0x08003eaa   0x08003eaa   0x00000002   PAD
    0x08003eac   0x08003eac   0x00000024   Code   RO         1038    .text.TIM_TI2_ConfigInputStage  stm32f1xx_hal_tim.o
    0x08003ed0   0x08003ed0   0x00000010   Code   RO         1264    .text.UART_DMAAbortOnError  stm32f1xx_hal_uart.o
    0x08003ee0   0x08003ee0   0x0000002c   Code   RO         1226    .text.UART_EndRxTransfer  stm32f1xx_hal_uart.o
    0x08003f0c   0x08003f0c   0x00000018   Code   RO         1272    .text.UART_EndTransmit_IT  stm32f1xx_hal_uart.o
    0x08003f24   0x08003f24   0x000000b4   Code   RO         1262    .text.UART_Receive_IT  stm32f1xx_hal_uart.o
    0x08003fd8   0x08003fd8   0x0000008e   Code   RO         1182    .text.UART_SetConfig  stm32f1xx_hal_uart.o
    0x08004066   0x08004066   0x00000002   PAD
    0x08004068   0x08004068   0x00000052   Code   RO         1270    .text.UART_Transmit_IT  stm32f1xx_hal_uart.o
    0x080040ba   0x080040ba   0x00000002   PAD
    0x080040bc   0x080040bc   0x00000064   Code   RO         1196    .text.UART_WaitOnFlagUntilTimeout  stm32f1xx_hal_uart.o
    0x08004120   0x08004120   0x00000010   Code   RO          142    .text.USART1_IRQHandler  stm32f1xx_it.o
    0x08004130   0x08004130   0x00000010   Code   RO          134    .text.USB_HP_CAN1_TX_IRQHandler  stm32f1xx_it.o
    0x08004140   0x08004140   0x00000010   Code   RO          136    .text.USB_LP_CAN1_RX0_IRQHandler  stm32f1xx_it.o
    0x08004150   0x08004150   0x00000002   Code   RO          130    .text.UsageFault_Handler  stm32f1xx_it.o
    0x08004152   0x08004152   0x00000002   PAD
    0x08004154   0x08004154   0x00000020   Code   RO          471    .text.__NVIC_EnableIRQ  stm32f1xx_hal_cortex.o
    0x08004174   0x08004174   0x00000010   Code   RO          463    .text.__NVIC_GetPriorityGrouping  stm32f1xx_hal_cortex.o
    0x08004184   0x08004184   0x00000022   Code   RO          465    .text.__NVIC_SetPriority  stm32f1xx_hal_cortex.o
    0x080041a6   0x080041a6   0x00000002   PAD
    0x080041a8   0x080041a8   0x00000020   Code   RO          459    .text.__NVIC_SetPriorityGrouping  stm32f1xx_hal_cortex.o
    0x080041c8   0x080041c8   0x00000090   Code   RO           61    .text.main          main.o
    0x08004258   0x08004258   0x000000be   Code   RO         1454    .text.prvAddCurrentTaskToDelayedList  tasks.o
    0x08004316   0x08004316   0x00000002   PAD
    0x08004318   0x08004318   0x000000ae   Code   RO         1442    .text.prvAddNewTaskToReadyList  tasks.o
    0x080043c6   0x080043c6   0x00000002   PAD
    0x080043c8   0x080043c8   0x0000005a   Code   RO         1580    .text.prvCheckForValidListAndQueue  timers.o
    0x08004422   0x08004422   0x00000002   PAD
    0x08004424   0x08004424   0x0000004e   Code   RO         1546    .text.prvCheckTasksWaitingTermination  tasks.o
    0x08004472   0x08004472   0x00000002   PAD
    0x08004474   0x08004474   0x00000026   Code   RO         1398    .text.prvCopyDataFromQueue  queue.o
    0x0800449a   0x0800449a   0x00000002   PAD
    0x0800449c   0x0800449c   0x00000012   Code   RO         1448    .text.prvDeleteTCB  tasks.o
    0x080044ae   0x080044ae   0x00000002   PAD
    0x080044b0   0x080044b0   0x00000020   Code   RO         1616    .text.prvGetNextExpireTime  timers.o
    0x080044d0   0x080044d0   0x0000001c   Code   RO         1480    .text.prvIdleTask   tasks.o
    0x080044ec   0x080044ec   0x00000020   Code   RO         1382    .text.prvInitialiseNewQueue  queue.o
    0x0800450c   0x0800450c   0x00000094   Code   RO         1440    .text.prvInitialiseNewTask  tasks.o
    0x080045a0   0x080045a0   0x00000070   Code   RO         1544    .text.prvInitialiseTaskLists  tasks.o
    0x08004610   0x08004610   0x00000040   Code   RO         1630    .text.prvInsertTimerInActiveList  timers.o
    0x08004650   0x08004650   0x00000018   Code   RO         1400    .text.prvIsQueueEmpty  queue.o
    0x08004668   0x08004668   0x00000020   Code   RO         1657    .text.prvPortStartFirstTask  port.o
    0x08004688   0x08004688   0x0000003e   Code   RO         1624    .text.prvProcessExpiredTimer  timers.o
    0x080046c6   0x080046c6   0x00000002   PAD
    0x080046c8   0x080046c8   0x000000fa   Code   RO         1620    .text.prvProcessReceivedCommands  timers.o
    0x080047c2   0x080047c2   0x00000002   PAD
    0x080047c4   0x080047c4   0x00000080   Code   RO         1618    .text.prvProcessTimerOrBlockTask  timers.o
    0x08004844   0x08004844   0x0000003a   Code   RO         1628    .text.prvReloadTimer  timers.o
    0x0800487e   0x0800487e   0x00000002   PAD
    0x08004880   0x08004880   0x00000026   Code   RO         1446    .text.prvResetNextTaskUnblockTime  tasks.o
    0x080048a6   0x080048a6   0x00000002   PAD
    0x080048a8   0x080048a8   0x0000002a   Code   RO         1622    .text.prvSampleTimeNow  timers.o
    0x080048d2   0x080048d2   0x00000002   PAD
    0x080048d4   0x080048d4   0x00000034   Code   RO         1626    .text.prvSwitchTimerLists  timers.o
    0x08004908   0x08004908   0x00000022   Code   RO         1649    .text.prvTaskExitError  port.o
    0x0800492a   0x0800492a   0x00000002   PAD
    0x0800492c   0x0800492c   0x00000016   Code   RO         1582    .text.prvTimerTask  timers.o
    0x08004942   0x08004942   0x00000002   PAD
    0x08004944   0x08004944   0x00000072   Code   RO         1390    .text.prvUnlockQueue  queue.o
    0x080049b6   0x080049b6   0x00000002   PAD
    0x080049b8   0x080049b8   0x0000006a   Code   RO         1678    .text.pvPortMalloc  heap_1.o
    0x08004a22   0x08004a22   0x00000002   PAD
    0x08004a24   0x08004a24   0x00000020   Code   RO         1647    .text.pxPortInitialiseStack  port.o
    0x08004a44   0x08004a44   0x0000003e   Code   RO           15    .text.ublox_ReadLength  gps.o
    0x08004a82   0x08004a82   0x00000002   PAD
    0x08004a84   0x08004a84   0x00000024   Code   RO         1368    .text.uxListRemove  list.o
    0x08004aa8   0x08004aa8   0x00000016   Code   RO         1360    .text.vListInitialise  list.o
    0x08004abe   0x08004abe   0x00000002   PAD
    0x08004ac0   0x08004ac0   0x00000006   Code   RO         1362    .text.vListInitialiseItem  list.o
    0x08004ac6   0x08004ac6   0x00000002   PAD
    0x08004ac8   0x08004ac8   0x0000003a   Code   RO         1366    .text.vListInsert   list.o
    0x08004b02   0x08004b02   0x00000002   PAD
    0x08004b04   0x08004b04   0x00000020   Code   RO         1661    .text.vPortEnterCritical  port.o
    0x08004b24   0x08004b24   0x0000001a   Code   RO         1663    .text.vPortExitCritical  port.o
    0x08004b3e   0x08004b3e   0x00000002   PAD
    0x08004b40   0x08004b40   0x00000002   Code   RO         1680    .text.vPortFree     heap_1.o
    0x08004b42   0x08004b42   0x00000002   PAD
    0x08004b44   0x08004b44   0x0000001e   Code   RO         1655    .text.vPortSetupTimerInterrupt  port.o
    0x08004b62   0x08004b62   0x00000002   PAD
    0x08004b64   0x08004b64   0x00000044   Code   RO         1428    .text.vQueueWaitForMessageRestricted  queue.o
    0x08004ba8   0x08004ba8   0x0000001a   Code   RO         1512    .text.vTaskInternalSetTimeOutState  tasks.o
    0x08004bc2   0x08004bc2   0x00000002   PAD
    0x08004bc4   0x08004bc4   0x0000000e   Code   RO         1516    .text.vTaskMissedYield  tasks.o
    0x08004bd2   0x08004bd2   0x00000002   PAD
    0x08004bd4   0x08004bd4   0x0000001e   Code   RO         1500    .text.vTaskPlaceOnEventList  tasks.o
    0x08004bf2   0x08004bf2   0x00000002   PAD
    0x08004bf4   0x08004bf4   0x0000005a   Code   RO         1504    .text.vTaskPlaceOnEventListRestricted  tasks.o
    0x08004c4e   0x08004c4e   0x00000002   PAD
    0x08004c50   0x08004c50   0x00000084   Code   RO         1478    .text.vTaskStartScheduler  tasks.o
    0x08004cd4   0x08004cd4   0x00000010   Code   RO         1452    .text.vTaskSuspendAll  tasks.o
    0x08004ce4   0x08004ce4   0x0000006c   Code   RO         1470    .text.vTaskSwitchContext  tasks.o
    0x08004d50   0x08004d50   0x0000003a   Code   RO         1653    .text.xPortStartScheduler  port.o
    0x08004d8a   0x08004d8a   0x00000002   PAD
    0x08004d8c   0x08004d8c   0x00000048   Code   RO         1380    .text.xQueueGenericCreate  queue.o
    0x08004dd4   0x08004dd4   0x00000068   Code   RO         1378    .text.xQueueGenericReset  queue.o
    0x08004e3c   0x08004e3c   0x00000114   Code   RO         1396    .text.xQueueReceive  queue.o
    0x08004f50   0x08004f50   0x00000060   Code   RO         1514    .text.xTaskCheckForTimeOut  tasks.o
    0x08004fb0   0x08004fb0   0x00000060   Code   RO         1438    .text.xTaskCreate   tasks.o
    0x08005010   0x08005010   0x0000006c   Code   RO         1450    .text.xTaskDelayUntil  tasks.o
    0x0800507c   0x0800507c   0x0000000c   Code   RO         1486    .text.xTaskGetTickCount  tasks.o
    0x08005088   0x08005088   0x00000140   Code   RO         1484    .text.xTaskIncrementTick  tasks.o
    0x080051c8   0x080051c8   0x000000da   Code   RO         1506    .text.xTaskRemoveFromEventList  tasks.o
    0x080052a2   0x080052a2   0x00000002   PAD
    0x080052a4   0x080052a4   0x00000120   Code   RO         1456    .text.xTaskResumeAll  tasks.o
    0x080053c4   0x080053c4   0x0000004c   Code   RO         1578    .text.xTimerCreateTimerTask  timers.o
    0x08005410   0x08005410   0x00000338   Code   RO         1902    CL$$btod_div_common  c_w.l(btod.o)
    0x08005748   0x08005748   0x00000084   Code   RO         1900    CL$$btod_e2d        c_w.l(btod.o)
    0x080057cc   0x080057cc   0x000000dc   Code   RO         1899    CL$$btod_e2e        c_w.l(btod.o)
    0x080058a8   0x080058a8   0x0000002a   Code   RO         1896    CL$$btod_ediv       c_w.l(btod.o)
    0x080058d2   0x080058d2   0x0000002a   Code   RO         1898    CL$$btod_edivd      c_w.l(btod.o)
    0x080058fc   0x080058fc   0x0000002a   Code   RO         1895    CL$$btod_emul       c_w.l(btod.o)
    0x08005926   0x08005926   0x0000002a   Code   RO         1897    CL$$btod_emuld      c_w.l(btod.o)
    0x08005950   0x08005950   0x00000244   Code   RO         1901    CL$$btod_mult_common  c_w.l(btod.o)
    0x08005b94   0x08005b94   0x0000000e   Code   RO         1837    i.__mathlib_dbl_overflow  m_ws.l(dunder.o)
    0x08005ba2   0x08005ba2   0x00000002   PAD
    0x08005ba4   0x08005ba4   0x00000010   Code   RO         1839    i.__mathlib_dbl_underflow  m_ws.l(dunder.o)
    0x08005bb4   0x08005bb4   0x00000010   Code   RO         1940    i.__mathlib_narrow  m_ws.l(narrow.o)
    0x08005bc4   0x08005bc4   0x000000bc   Code   RO         1941    i.__mathlib_tofloat  m_ws.l(narrow.o)
    0x08005c80   0x08005c80   0x00000016   Code   RO         2040    i.__support_ldexp   m_ws.l(ldexp.o)
    0x08005c96   0x08005c96   0x0000000e   Code   RO         1716    i._is_digit         c_w.l(__printf_wp.o)
    0x08005ca4   0x08005ca4   0x00000058   Code   RO         2021    i.frexp             m_ws.l(frexp.o)
    0x08005cfc   0x08005cfc   0x00000074   Code   RO         2041    i.ldexp             m_ws.l(ldexp.o)
    0x08005d70   0x08005d70   0x0000002c   Code   RO         1918    locale$$code        c_w.l(lc_numeric_c.o)
    0x08005d9c   0x08005d9c   0x0000002c   Code   RO         2029    locale$$code        c_w.l(lc_ctype_c.o)
    0x08005dc8   0x08005dc8   0x00000062   Code   RO         1746    x$fpl$d2f           fz_ws.l(d2f.o)
    0x08005e2a   0x08005e2a   0x00000002   PAD
    0x08005e2c   0x08005e2c   0x00000010   Code   RO         2016    x$fpl$dcheck1       fz_ws.l(dcheck1.o)
    0x08005e3c   0x08005e3c   0x00000018   Code   RO         1922    x$fpl$dcmpinf       fz_ws.l(dcmpi.o)
    0x08005e54   0x08005e54   0x000002b4   Code   RO         1755    x$fpl$ddiv          fz_ws.l(ddiv.o)
    0x08006108   0x08006108   0x00000078   Code   RO         1812    x$fpl$deqf          fz_ws.l(deqf.o)
    0x08006180   0x08006180   0x00000078   Code   RO         2033    x$fpl$dleqf         fz_ws.l(dleqf.o)
    0x080061f8   0x080061f8   0x0000009c   Code   RO         1814    x$fpl$dnaninf       fz_ws.l(dnaninf.o)
    0x08006294   0x08006294   0x0000000c   Code   RO         1816    x$fpl$dretinf       fz_ws.l(dretinf.o)
    0x080062a0   0x080062a0   0x0000006c   Code   RO         2018    x$fpl$drleqf        fz_ws.l(drleqf.o)
    0x0800630c   0x0800630c   0x00000056   Code   RO         1770    x$fpl$f2d           fz_ws.l(f2d.o)
    0x08006362   0x08006362   0x0000008c   Code   RO         1820    x$fpl$fnaninf       fz_ws.l(fnaninf.o)
    0x080063ee   0x080063ee   0x0000000a   Code   RO         1822    x$fpl$fretinf       fz_ws.l(fretinf.o)
    0x080063f8   0x080063f8   0x00000006   Code   RO         1928    x$fpl$ieeestatus    fz_ws.l(istatus.o)
    0x080063fe   0x080063fe   0x00000064   Code   RO         2037    x$fpl$retnan        fz_ws.l(retnan.o)
    0x08006462   0x08006462   0x0000005c   Code   RO         1930    x$fpl$scalbn        fz_ws.l(scalbn.o)
    0x080064be   0x080064be   0x00000004   Code   RO         1772    x$fpl$scanf1        fz_ws.l(scanf1.o)
    0x080064c2   0x080064c2   0x00000008   Code   RO         1932    x$fpl$scanf2        fz_ws.l(scanf2.o)
    0x080064ca   0x080064ca   0x00000030   Code   RO         2056    x$fpl$trapveneer    fz_ws.l(trapv.o)
    0x080064fa   0x080064fa   0x00000000   Code   RO         1824    x$fpl$usenofp       fz_ws.l(usenofp.o)
    0x080064fa   0x080064fa   0x00000002   PAD
    0x080064fc   0x080064fc   0x00000094   Data   RO         1890    .constdata          c_w.l(bigflt0.o)
    0x08006590   0x08006590   0x00000010   Data   RO         1313    .rodata.AHBPrescTable  system_stm32f1xx.o
    0x080065a0   0x080065a0   0x00000008   Data   RO         1314    .rodata.APBPrescTable  system_stm32f1xx.o
    0x080065a8   0x080065a8   0x00000003   Data   RO          106    .rodata.str1.1      main.o
    0x080065ab   0x080065ab   0x00000001   PAD
    0x080065ac   0x080065ac   0x00000004   Data   RO         1549    .rodata.uxTopUsedPriority  tasks.o
    0x080065b0   0x080065b0   0x00000020   Data   RO         2127    Region$$Table       anon$$obj.o
    0x080065d0   0x080065d0   0x00000008   Data   RO         1924    c$$dinf             fz_ws.l(fpconst.o)
    0x080065d8   0x080065d8   0x00000008   Data   RO         1927    c$$dmax             fz_ws.l(fpconst.o)
    0x080065e0   0x080065e0   0x0000001c   Data   RO         1917    locale$$data        c_w.l(lc_numeric_c.o)
    0x080065fc   0x080065fc   0x00000110   Data   RO         2028    locale$$data        c_w.l(lc_ctype_c.o)


    Execution Region RW_IRAM1 (Exec base: 0x20000000, Load base: 0x08006710, Size: 0x00004ff8, Max: 0x00005000, ABSOLUTE)

    Exec Addr    Load Addr    Size         Type   Attr      Idx    E Section Name        Object

    0x20000000   0x08006710   0x00000004   Data   RW         1312    .data.SystemCoreClock  system_stm32f1xx.o
    0x20000004   0x08006714   0x00000002   Data   RW           87    .data.new_line      main.o
    0x20000006   0x08006716   0x00000001   Data   RW          337    .data.uwTickFreq    stm32f1xx_hal.o
    0x20000007   0x08006717   0x00000001   PAD
    0x20000008   0x08006718   0x00000004   Data   RW          336    .data.uwTickPrio    stm32f1xx_hal.o
    0x2000000c   0x0800671c   0x00000004   Data   RW         1669    .data.uxCriticalNesting  port.o
    0x20000010        -       0x00000060   Zero   RW         1949    .bss                c_w.l(libspace.o)
    0x20000070        -       0x00000002   Zero   RW           85    .bss.CAN_end        main.o
    0x20000072        -       0x00000002   Zero   RW           86    .bss.CAN_execution_time  main.o
    0x20000074        -       0x00000002   Zero   RW           84    .bss.CAN_start      main.o
    0x20000076        -       0x00000064   Zero   RW          107    .bss.CAN_time       main.o
    0x200000da   0x08006720   0x00000006   PAD
    0x200000e0        -       0x00000030   Zero   RW           27    .bss.GPS            gps.o
    0x20000110        -       0x00000064   Zero   RW           28    .bss.GPS_Line       gps.o
    0x20000174        -       0x00000002   Zero   RW           82    .bss.GPS_end        main.o
    0x20000176        -       0x00000002   Zero   RW           83    .bss.GPS_execution_time  main.o
    0x20000178        -       0x00000002   Zero   RW           81    .bss.GPS_start      main.o
    0x2000017a        -       0x00000064   Zero   RW          105    .bss.GPS_time       main.o
    0x200001de   0x08006720   0x00000002   PAD
    0x200001e0        -       0x00000028   Zero   RW           89    .bss.hcan           main.o
    0x20000208        -       0x00000054   Zero   RW          112    .bss.hi2c1          main.o
    0x2000025c        -       0x00000048   Zero   RW          183    .bss.htim1          stm32f1xx_hal_timebase_tim.o
    0x200002a4        -       0x00000048   Zero   RW          103    .bss.htim2          main.o
    0x200002ec        -       0x00000044   Zero   RW          109    .bss.huart1         main.o
    0x20000330        -       0x00000044   Zero   RW          104    .bss.huart2         main.o
    0x20000374   0x08006720   0x00000004   PAD
    0x20000378        -       0x00000008   Zero   RW           96    .bss.lat_send       main.o
    0x20000380        -       0x00000018   Zero   RW           95    .bss.lattitudeTx    main.o
    0x20000398        -       0x00000008   Zero   RW           91    .bss.long_send      main.o
    0x200003a0        -       0x00000018   Zero   RW           90    .bss.longitudeTx    main.o
    0x200003b8        -       0x00000004   Zero   RW           92    .bss.mailbox        main.o
    0x200003bc        -       0x00000004   Zero   RW         1636    .bss.prvSampleTimeNow.xLastTime  timers.o
    0x200003c0        -       0x00000004   Zero   RW         1686    .bss.pvPortMalloc.pucAlignedHeap  heap_1.o
    0x200003c4        -       0x00000004   Zero   RW         1548    .bss.pxCurrentTCB   tasks.o
    0x200003c8        -       0x00000004   Zero   RW         1634    .bss.pxCurrentTimerList  timers.o
    0x200003cc        -       0x00000004   Zero   RW         1558    .bss.pxDelayedTaskList  tasks.o
    0x200003d0        -       0x00000004   Zero   RW         1559    .bss.pxOverflowDelayedTaskList  tasks.o
    0x200003d4        -       0x00000004   Zero   RW         1635    .bss.pxOverflowTimerList  timers.o
    0x200003d8        -       0x0000012c   Zero   RW         1550    .bss.pxReadyTasksLists  tasks.o
    0x20000504        -       0x00000018   Zero   RW           99    .bss.speedTx        main.o
    0x2000051c   0x08006720   0x00000004   PAD
    0x20000520        -       0x00000008   Zero   RW          100    .bss.speed_send     main.o
    0x20000528        -       0x00004400   Zero   RW         1687    .bss.ucHeap         heap_1.o
    0x20004928        -       0x00000004   Zero   RW          338    .bss.uwTick         stm32f1xx_hal.o
    0x2000492c        -       0x00000004   Zero   RW         1555    .bss.uxCurrentNumberOfTasks  tasks.o
    0x20004930        -       0x00000004   Zero   RW         1554    .bss.uxDeletedTasksWaitingCleanUp  tasks.o
    0x20004934        -       0x00000004   Zero   RW         1561    .bss.uxSchedulerSuspended  tasks.o
    0x20004938        -       0x00000004   Zero   RW         1552    .bss.uxTaskNumber   tasks.o
    0x2000493c        -       0x00000004   Zero   RW         1551    .bss.uxTopReadyPriority  tasks.o
    0x20004940        -       0x00000014   Zero   RW         1637    .bss.xActiveTimerList1  timers.o
    0x20004954        -       0x00000014   Zero   RW         1638    .bss.xActiveTimerList2  timers.o
    0x20004968        -       0x00000014   Zero   RW         1568    .bss.xDelayedTaskList1  tasks.o
    0x2000497c        -       0x00000014   Zero   RW         1569    .bss.xDelayedTaskList2  tasks.o
    0x20004990        -       0x00000004   Zero   RW         1564    .bss.xIdleTaskHandle  tasks.o
    0x20004994        -       0x00000004   Zero   RW         1688    .bss.xNextFreeByte  heap_1.o
    0x20004998        -       0x00000004   Zero   RW         1565    .bss.xNextTaskUnblockTime  tasks.o
    0x2000499c        -       0x00000004   Zero   RW         1567    .bss.xNumOfOverflows  tasks.o
    0x200049a0        -       0x00000004   Zero   RW         1566    .bss.xPendedTicks   tasks.o
    0x200049a4        -       0x00000014   Zero   RW         1563    .bss.xPendingReadyList  tasks.o
    0x200049b8        -       0x00000004   Zero   RW         1556    .bss.xSchedulerRunning  tasks.o
    0x200049bc        -       0x00000014   Zero   RW         1560    .bss.xSuspendedTaskList  tasks.o
    0x200049d0        -       0x00000014   Zero   RW         1553    .bss.xTasksWaitingTermination  tasks.o
    0x200049e4        -       0x00000004   Zero   RW         1557    .bss.xTickCount     tasks.o
    0x200049e8        -       0x00000004   Zero   RW         1632    .bss.xTimerQueue    timers.o
    0x200049ec        -       0x00000004   Zero   RW         1633    .bss.xTimerTaskHandle  timers.o
    0x200049f0        -       0x00000004   Zero   RW         1562    .bss.xYieldPending  tasks.o
    0x200049f4   0x08006720   0x00000004   PAD
    0x200049f8        -       0x00000200   Zero   RW            2    HEAP                startup_stm32f103xb.o
    0x20004bf8        -       0x00000400   Zero   RW            1    STACK               startup_stm32f103xb.o


==============================================================================

Image component sizes


      Code (inc. data)   RO Data    RW Data    ZI Data      Debug   Object Name

       364         40          0          0        148       4512   gps.o
       108          0          0          0      17416       1483   heap_1.o
       122          0          0          0          0       2184   list.o
      1532         24          3          2        644      14716   main.o
       394         12          0          4          0       2692   port.o
       728          0          0          0          0      13825   queue.o
        64         26        236          0       1536        776   startup_stm32f103xb.o
        76          0          0          5          4       5717   stm32f1xx_hal.o
      1126          6          0          0          0      13107   stm32f1xx_hal_can.o
       204          0          0          0          0       8692   stm32f1xx_hal_cortex.o
       228          0          0          0          0       7412   stm32f1xx_hal_dma.o
       532         20          0          0          0       4648   stm32f1xx_hal_gpio.o
      1892          0          0          0          0      39554   stm32f1xx_hal_i2c.o
       640          0          0          0          0      11400   stm32f1xx_hal_msp.o
      1438         20          0          0          0       7016   stm32f1xx_hal_rcc.o
      1066          0          0          0          0      42250   stm32f1xx_hal_tim.o
       122          0          0          0          0      17536   stm32f1xx_hal_tim_ex.o
       138          0          0          0         72       5660   stm32f1xx_hal_timebase_tim.o
      1358          0          0          0          0      20597   stm32f1xx_hal_uart.o
        92          0          0          0          0       2675   stm32f1xx_it.o
         2          0         24          4          0       1603   system_stm32f1xx.o
      2340          8          4          0        460      25190   tasks.o
       876         18          0          0         60      11109   timers.o

    ----------------------------------------------------------------------
     15644        174        300         16      20360     264354   Object Totals
         0          0         32          0          0          0   (incl. Generated)
       202          0          1          1         20          0   (incl. Padding)

    ----------------------------------------------------------------------

      Code (inc. data)   RO Data    RW Data    ZI Data      Debug   Library Member Name

        60          8          0          0          0         84   __0sscanf.o
        44          6          0          0          0         84   __2sprintf.o
         8          0          0          0          0         68   __main.o
       104          0          0          0          0         84   __printf.o
        14          0          0          0          0         68   __printf_wp.o
         0          0          0          0          0          0   __rtentry.o
        12          0          0          0          0          0   __rtentry2.o
         6          0          0          0          0          0   __rtentry4.o
        52          8          0          0          0          0   __scatter.o
        26          0          0          0          0          0   __scatter_copy.o
        28          0          0          0          0          0   __scatter_zi.o
        28          0          0          0          0         68   _chval.o
        48          6          0          0          0         96   _printf_char_common.o
         6          0          0          0          0          0   _printf_d.o
       120         16          0          0          0         92   _printf_dec.o
       178          0          0          0          0         88   _printf_intcommon.o
         0          0          0          0          0          0   _printf_percent.o
         4          0          0          0          0          0   _printf_percent_end.o
        22          0          0          0          0        100   _rserrno.o
       884          6          0          0          0        100   _scanf.o
       332          0          0          0          0         96   _scanf_int.o
       224          0          0          0          0         96   _scanf_str.o
        64          0          0          0          0         84   _sgetc.o
        10          0          0          0          0         68   _sputc.o
        16          0          0          0          0         68   aeabi_memset4.o
       228          4        148          0          0         96   bigflt0.o
      1924        136          0          0          0        752   btod.o
        18          0          0          0          0         80   exit.o
         6          0          0          0          0        152   heapauxi.o
         0          0          0          0          0          0   indicate_semi.o
        18          0          0          0          0         76   isspace.o
        44         10        272          0          0         76   lc_ctype_c.o
        44         10         28          0          0         76   lc_numeric_c.o
         2          0          0          0          0          0   libinit.o
        30          0          0          0          0          0   libinit2.o
         2          0          0          0          0          0   libshutdown.o
         2          0          0          0          0          0   libshutdown2.o
         8          4          0          0         96         68   libspace.o
        38          0          0          0          0         68   llshl.o
        16          4          0          0          0         76   rt_ctype_table.o
         8          4          0          0          0         68   rt_errno_addr_intlibspace.o
         8          4          0          0          0         68   rt_locale_intlibspace.o
        78          0          0          0          0         80   rt_memclr_w.o
       138          0          0          0          0         68   rt_memcpy_v6.o
       100          0          0          0          0         80   rt_memcpy_w.o
         2          0          0          0          0          0   rtexit.o
        10          0          0          0          0          0   rtexit2.o
        44          8          0          0          0         84   scanf_char.o
      1272         16          0          0          0        168   scanf_fp.o
       800         14          0          0          0        100   scanf_hexfp.o
       308         16          0          0          0        100   scanf_infnan.o
       128          0          0          0          0         68   strcmpv7m.o
        12          4          0          0          0         68   sys_exit.o
        74          0          0          0          0         80   sys_stackheap_outer.o
         2          0          0          0          0         68   use_no_semi.o
        98          4          0          0          0         92   d2f.o
        16          4          0          0          0         68   dcheck1.o
        24          0          0          0          0         68   dcmpi.o
       692        140          0          0          0        216   ddiv.o
       120          4          0          0          0         92   deqf.o
       120          4          0          0          0         92   dleqf.o
       156          4          0          0          0         92   dnaninf.o
        12          0          0          0          0         68   dretinf.o
       108          0          0          0          0         80   drleqf.o
        86          4          0          0          0         84   f2d.o
       140          4          0          0          0         84   fnaninf.o
         0          0         16          0          0          0   fpconst.o
        10          0          0          0          0         68   fretinf.o
         6          0          0          0          0         68   istatus.o
       100          0          0          0          0         68   retnan.o
        92          0          0          0          0         68   scalbn.o
         4          0          0          0          0         68   scanf1.o
         8          0          0          0          0         84   scanf2.o
        48          0          0          0          0         68   trapv.o
         0          0          0          0          0          0   usenofp.o
        30          6          0          0          0        136   dunder.o
        88          8          0          0          0         76   frexp.o
       138          0          0          0          0        160   ldexp.o
       204          4          0          0          0        168   narrow.o

    ----------------------------------------------------------------------
      9972        470        464          0         96       6032   Library Totals
        18          0          0          0          0          0   (incl. Padding)

    ----------------------------------------------------------------------

      Code (inc. data)   RO Data    RW Data    ZI Data      Debug   Library Name

      7654        284        448          0         96       3964   c_w.l
      1840        168         16          0          0       1528   fz_ws.l
       460         18          0          0          0        540   m_ws.l

    ----------------------------------------------------------------------
      9972        470        464          0         96       6032   Library Totals

    ----------------------------------------------------------------------

==============================================================================


      Code (inc. data)   RO Data    RW Data    ZI Data      Debug   

     25616        644        764         16      20456     266530   Grand Totals
     25616        644        764         16      20456     266530   ELF Image Totals
     25616        644        764         16          0          0   ROM Totals

==============================================================================

    Total RO  Size (Code + RO Data)                26380 (  25.76kB)
    Total RW  Size (RW Data + ZI Data)             20472 (  19.99kB)
    Total ROM Size (Code + RO Data + RW Data)      26396 (  25.78kB)

==============================================================================

